Feb  5 07:35:10 cu-cs-vm anacron[123320]: Job `cron.daily' terminated
Feb  5 07:35:10 cu-cs-vm anacron[123320]: Normal exit (1 job run)
Feb  5 07:36:45 cu-cs-vm dhclient[2050]: DHCPREQUEST of 172.16.193.131 on ens33 to 172.16.193.254 port 67 (xid=0x72f32560)
Feb  5 07:36:45 cu-cs-vm dhclient[2050]: DHCPACK of 172.16.193.131 from 172.16.193.254
Feb  5 07:36:45 cu-cs-vm NetworkManager[832]: <info>  [1580913405.5086]   address 172.16.193.131
Feb  5 07:36:45 cu-cs-vm NetworkManager[832]: <info>  [1580913405.5087]   plen 24 (255.255.255.0)
Feb  5 07:36:45 cu-cs-vm NetworkManager[832]: <info>  [1580913405.5087]   gateway 172.16.193.2
Feb  5 07:36:45 cu-cs-vm NetworkManager[832]: <info>  [1580913405.5087]   server identifier 172.16.193.254
Feb  5 07:36:45 cu-cs-vm NetworkManager[832]: <info>  [1580913405.5087]   lease time 1800
Feb  5 07:36:45 cu-cs-vm NetworkManager[832]: <info>  [1580913405.5087]   nameserver '172.16.193.2'
Feb  5 07:36:45 cu-cs-vm NetworkManager[832]: <info>  [1580913405.5087]   domain name 'localdomain'
Feb  5 07:36:45 cu-cs-vm NetworkManager[832]: <info>  [1580913405.5087]   wins '172.16.193.2'
Feb  5 07:36:45 cu-cs-vm NetworkManager[832]: <info>  [1580913405.5151] dhcp4 (ens33): state changed bound -> bound
Feb  5 07:36:45 cu-cs-vm dbus[793]: [system] Activating via systemd: service name='org.freedesktop.nm_dispatcher' unit='dbus-org.freedesktop.nm-dispatcher.service'
Feb  5 07:36:45 cu-cs-vm systemd[1]: Starting Network Manager Script Dispatcher Service...
Feb  5 07:36:45 cu-cs-vm dbus[793]: [system] Successfully activated service 'org.freedesktop.nm_dispatcher'
Feb  5 07:36:45 cu-cs-vm systemd[1]: Started Network Manager Script Dispatcher Service.
Feb  5 07:36:45 cu-cs-vm nm-dispatcher: req:1 'dhcp4-change' [ens33]: new request (1 scripts)
Feb  5 07:36:45 cu-cs-vm nm-dispatcher: req:1 'dhcp4-change' [ens33]: start running ordered scripts...
Feb  5 07:36:45 cu-cs-vm dhclient[2050]: bound to 172.16.193.131 -- renewal in 741 seconds.
Feb  5 07:37:40 cu-cs-vm os-prober: debug: /dev/sda2: DOS extended partition; skipping
Feb  5 07:37:40 cu-cs-vm os-prober: debug: /dev/sda5: is active swap
Feb  5 07:37:48 cu-cs-vm systemd[1]: Stopping Authentication service for virtual machines hosted on VMware...
Feb  5 07:37:48 cu-cs-vm systemd[1]: Stopping Disk Manager...
Feb  5 07:37:48 cu-cs-vm systemd[1]: Stopped target Graphical Interface.
Feb  5 07:37:48 cu-cs-vm systemd[1]: Stopped target Timers.
Feb  5 07:37:48 cu-cs-vm systemd[1]: Stopped Daily Cleanup of Temporary Directories.
Feb  5 07:37:48 cu-cs-vm systemd[1]: Stopped Daily apt upgrade and clean activities.
Feb  5 07:37:48 cu-cs-vm systemd[1]: Closed Load/Save RF Kill Switch Status /dev/rfkill Watch.
Feb  5 07:37:48 cu-cs-vm systemd[1]: Stopped target Multi-User System.
Feb  5 07:37:48 cu-cs-vm systemd[1]: Stopping LSB: daemon to balance interrupts for SMP systems...
Feb  5 07:37:48 cu-cs-vm systemd[1]: Stopping uptime record daemon...
Feb  5 07:37:48 cu-cs-vm systemd[1]: Stopping Regular background program processing daemon...
Feb  5 07:37:48 cu-cs-vm systemd[1]: Stopping LSB: Record successful boot for GRUB...
Feb  5 07:37:48 cu-cs-vm systemd[1]: Stopped Wait until snapd is fully seeded.
Feb  5 07:37:48 cu-cs-vm systemd[1]: Stopping LSB: Set the CPU Frequency Scaling governor to "ondemand"...
Feb  5 07:37:48 cu-cs-vm systemd[1]: Stopping Accounts Service...
Feb  5 07:37:48 cu-cs-vm systemd[1]: Stopping User Manager for UID 1000...
Feb  5 07:37:48 cu-cs-vm systemd[1]: Stopped Daily apt download activities.
Feb  5 07:37:48 cu-cs-vm systemd[1]: Stopping RealtimeKit Scheduling Policy Service...
Feb  5 07:37:48 cu-cs-vm systemd[1]: Stopping ACPI event daemon...
Feb  5 07:37:48 cu-cs-vm systemd[1]: Stopping Daemon for generating UUIDs...
Feb  5 07:37:49 cu-cs-vm systemd[1]: Stopping Session c1 of user user.
Feb  5 07:35:02 cu-cs-vm rsyslogd: [origin software="rsyslogd" swVersion="8.16.0" x-pid="836" x-info="http://www.rsyslog.com"] rsyslogd was HUPed
Feb  5 07:37:49 cu-cs-vm rsyslogd: [origin software="rsyslogd" swVersion="8.16.0" x-pid="836" x-info="http://www.rsyslog.com"] exiting on signal 15.
Feb  5 07:38:12 cu-cs-vm rsyslogd: [origin software="rsyslogd" swVersion="8.16.0" x-pid="775" x-info="http://www.rsyslog.com"] start
Feb  5 07:38:12 cu-cs-vm rsyslogd-2222: command 'KLogPermitNonKernelFacility' is currently not permitted - did you already set it via a RainerScript command (v6+ config)? [v8.16.0 try http://www.rsyslog.com/e/2222 ]
Feb  5 07:38:12 cu-cs-vm rsyslogd: rsyslogd's groupid changed to 108
Feb  5 07:38:12 cu-cs-vm rsyslogd: rsyslogd's userid changed to 104
Feb  5 07:38:12 cu-cs-vm systemd-modules-load[342]: Inserted module 'lp'
Feb  5 07:38:12 cu-cs-vm systemd-modules-load[342]: Inserted module 'ppdev'
Feb  5 07:38:12 cu-cs-vm loadkeys[338]: Loading /etc/console-setup/cached.kmap.gz
Feb  5 07:38:12 cu-cs-vm systemd-modules-load[342]: Inserted module 'parport_pc'
Feb  5 07:38:12 cu-cs-vm systemd-modules-load[342]: Module 'fuse' is builtin
Feb  5 07:38:12 cu-cs-vm systemd[1]: Started udev Kernel Device Manager.
Feb  5 07:38:12 cu-cs-vm systemd[1]: Starting Remount Root and Kernel File Systems...
Feb  5 07:38:12 cu-cs-vm systemd[1]: Started Remount Root and Kernel File Systems.
Feb  5 07:38:12 cu-cs-vm systemd[1]: Starting Load/Save Random Seed...
Feb  5 07:38:12 cu-cs-vm systemd[1]: Starting Flush Journal to Persistent Storage...
Feb  5 07:38:12 cu-cs-vm systemd[1]: Starting udev Coldplug all Devices...
Feb  5 07:38:12 cu-cs-vm systemd[1]: Reached target Local File Systems (Pre).
Feb  5 07:38:12 cu-cs-vm systemd[1]: Reached target Local File Systems.
Feb  5 07:38:12 cu-cs-vm systemd[1]: Starting Enable support for additional executable binary formats...
Feb  5 07:38:12 cu-cs-vm systemd[1]: Starting Set console font and keymap...
Feb  5 07:38:12 cu-cs-vm systemd[1]: Starting Tell Plymouth To Write Out Runtime Data...
Feb  5 07:38:12 cu-cs-vm systemd[1]: Started Service for virtual machines hosted on VMware.
Feb  5 07:38:12 cu-cs-vm systemd[1]: Starting LSB: AppArmor initialization...
Feb  5 07:38:12 cu-cs-vm systemd[1]: Started Load/Save Random Seed.
Feb  5 07:38:12 cu-cs-vm systemd[1]: Started Tell Plymouth To Write Out Runtime Data.
Feb  5 07:38:12 cu-cs-vm systemd[1]: proc-sys-fs-binfmt_misc.automount: Got automount request for /proc/sys/fs/binfmt_misc, triggered by 418 (update-binfmts)
Feb  5 07:38:12 cu-cs-vm systemd[1]: Mounting Arbitrary Executable File Formats File System...
Feb  5 07:38:12 cu-cs-vm systemd[1]: Started Flush Journal to Persistent Storage.
Feb  5 07:38:12 cu-cs-vm systemd[1]: Starting Create Volatile Files and Directories...
Feb  5 07:38:12 cu-cs-vm systemd-tmpfiles[451]: [/usr/lib/tmpfiles.d/var.conf:14] Duplicate line for path "/var/log", ignoring.
Feb  5 07:38:12 cu-cs-vm systemd[1]: Mounted Arbitrary Executable File Formats File System.
Feb  5 07:38:12 cu-cs-vm systemd[1]: Started udev Coldplug all Devices.
Feb  5 07:38:12 cu-cs-vm systemd[1]: Started Dispatch Password Requests to Console Directory Watch.
Feb  5 07:38:12 cu-cs-vm systemd[1]: Started Create Volatile Files and Directories.
Feb  5 07:38:12 cu-cs-vm systemd[1]: Starting Network Time Synchronization...
Feb  5 07:38:12 cu-cs-vm systemd[1]: Starting Update UTMP about System Boot/Shutdown...
Feb  5 07:38:12 cu-cs-vm systemd[1]: Started Update UTMP about System Boot/Shutdown.
Feb  5 07:38:12 cu-cs-vm systemd[1]: Started Network Time Synchronization.
Feb  5 07:38:12 cu-cs-vm systemd[1]: Reached target System Time Synchronized.
Feb  5 07:38:12 cu-cs-vm systemd[1]: Started Enable support for additional executable binary formats.
Feb  5 07:38:12 cu-cs-vm apparmor[423]:  * Starting AppArmor profiles
Feb  5 07:38:12 cu-cs-vm systemd[1]: Started Set console font and keymap.
Feb  5 07:38:12 cu-cs-vm systemd[1]: Created slice system-getty.slice.
Feb  5 07:38:12 cu-cs-vm mtp-probe: checking bus 2, device 2: "/sys/devices/pci0000:00/0000:00:11.0/0000:02:00.0/usb2/2-1"
Feb  5 07:38:12 cu-cs-vm mtp-probe: bus: 2, device: 2 was not an MTP device
Feb  5 07:38:12 cu-cs-vm mtp-probe: checking bus 1, device 2: "/sys/devices/pci0000:00/0000:00:11.0/0000:02:02.0/usb1/1-1"
Feb  5 07:38:12 cu-cs-vm mtp-probe: bus: 1, device: 2 was not an MTP device
Feb  5 07:38:12 cu-cs-vm systemd[1]: Listening on Load/Save RF Kill Switch Status /dev/rfkill Watch.
Feb  5 07:38:12 cu-cs-vm apparmor[423]: Skipping profile in /etc/apparmor.d/disable: usr.bin.firefox
Feb  5 07:38:12 cu-cs-vm apparmor[423]: Skipping profile in /etc/apparmor.d/disable: usr.sbin.rsyslogd
Feb  5 07:38:12 cu-cs-vm apparmor[423]:    ...done.
Feb  5 07:38:12 cu-cs-vm systemd[1]: Started LSB: AppArmor initialization.
Feb  5 07:38:12 cu-cs-vm systemd[1]: Starting Raise network interfaces...
Feb  5 07:38:12 cu-cs-vm systemd[1]: Found device VMware_Virtual_S 5.
Feb  5 07:38:12 cu-cs-vm systemd[1]: Activating swap /dev/disk/by-uuid/4f6f25d8-6004-459b-b46c-f0f3c3d0de9b...
Feb  5 07:38:12 cu-cs-vm systemd[1]: Activated swap /dev/disk/by-uuid/4f6f25d8-6004-459b-b46c-f0f3c3d0de9b.
Feb  5 07:38:12 cu-cs-vm systemd[1]: Reached target Swap.
Feb  5 07:38:12 cu-cs-vm systemd[1]: Reached target System Initialization.
Feb  5 07:38:12 cu-cs-vm systemd[1]: Listening on D-Bus System Message Bus Socket.
Feb  5 07:38:12 cu-cs-vm systemd[1]: Listening on UUID daemon activation socket.
Feb  5 07:38:12 cu-cs-vm systemd[1]: Listening on CUPS Scheduler.
Feb  5 07:38:12 cu-cs-vm systemd[1]: Started Daily Cleanup of Temporary Directories.
Feb  5 07:38:12 cu-cs-vm systemd[1]: Listening on Avahi mDNS/DNS-SD Stack Activation Socket.
Feb  5 07:38:12 cu-cs-vm systemd[1]: Listening on ACPID Listen Socket.
Feb  5 07:38:12 cu-cs-vm systemd[1]: Started CUPS Scheduler.
Feb  5 07:38:12 cu-cs-vm systemd[1]: Starting Socket activation for snappy daemon.
Feb  5 07:38:12 cu-cs-vm systemd[1]: Started Daily apt download activities.
Feb  5 07:38:12 cu-cs-vm rsyslogd-2039: Could not open output pipe '/dev/xconsole':: No such file or directory [v8.16.0 try http://www.rsyslog.com/e/2039 ]
Feb  5 07:38:12 cu-cs-vm systemd[1]: Started Daily apt upgrade and clean activities.
Feb  5 07:38:12 cu-cs-vm systemd[1]: Reached target Timers.
Feb  5 07:38:12 cu-cs-vm systemd[1]: Started ACPI Events Check.
Feb  5 07:38:12 cu-cs-vm systemd[1]: Reached target Paths.
Feb  5 07:38:12 cu-cs-vm systemd[1]: Listening on Socket activation for snappy daemon.
Feb  5 07:38:12 cu-cs-vm systemd[1]: Reached target Sockets.
Feb  5 07:38:12 cu-cs-vm rsyslogd-2007: action 'action 10' suspended, next retry is Wed Feb  5 07:38:42 2020 [v8.16.0 try http://www.rsyslog.com/e/2007 ]
Feb  5 07:38:12 cu-cs-vm systemd[1]: Reached target Basic System.
Feb  5 07:38:12 cu-cs-vm systemd[1]: Starting Thermal Daemon Service...
Feb  5 07:38:12 cu-cs-vm systemd[1]: Starting Initialize hardware monitoring sensors...
Feb  5 07:38:12 cu-cs-vm systemd[1]: Started D-Bus System Message Bus.
Feb  5 07:38:12 cu-cs-vm sensors[754]: No sensors found!
Feb  5 07:38:12 cu-cs-vm sensors[754]: Make sure you loaded all the kernel drivers you need.
Feb  5 07:38:12 cu-cs-vm sensors[754]: Try sensors-detect to find out which these are.
Feb  5 07:38:12 cu-cs-vm dbus[755]: [system] AppArmor D-Bus mediation is enabled
Feb  5 07:38:12 cu-cs-vm systemd[1]: Started Thermal Daemon Service.
Feb  5 07:38:12 cu-cs-vm thermald[753]: NO RAPL sysfs present
Feb  5 07:38:12 cu-cs-vm thermald[753]: 22 CPUID levels; family:model:stepping 0x6:9e:a (6:158:10)
Feb  5 07:38:12 cu-cs-vm thermald[753]: Polling mode is enabled: 4
Feb  5 07:38:12 cu-cs-vm thermald[753]: Thermal DTS: No coretemp sysfs found
Feb  5 07:38:12 cu-cs-vm systemd[1]: Starting LSB: Record successful boot for GRUB...
Feb  5 07:38:12 cu-cs-vm systemd[1]: Starting Login Service...
Feb  5 07:38:12 cu-cs-vm systemd[1]: Started Regular background program processing daemon.
Feb  5 07:38:12 cu-cs-vm systemd[1]: Starting System Logging Service...
Feb  5 07:38:12 cu-cs-vm systemd[1]: Starting LSB: automatic crash report generation...
Feb  5 07:38:12 cu-cs-vm cron[774]: (CRON) INFO (pidfile fd = 3)
Feb  5 07:38:12 cu-cs-vm cron[774]: (CRON) INFO (Running @reboot jobs)
Feb  5 07:38:12 cu-cs-vm systemd[1]: Starting Snappy daemon...
Feb  5 07:38:12 cu-cs-vm systemd[1]: Started Run anacron jobs.
Feb  5 07:38:12 cu-cs-vm systemd[1]: Starting LSB: Speech Dispatcher...
Feb  5 07:38:12 cu-cs-vm systemd[1]: Starting Accounts Service...
Feb  5 07:38:12 cu-cs-vm thermald[753]: Thermal DTS or hwmon: No Zones present Need to configure manually
Feb  5 07:38:12 cu-cs-vm thermald[753]: No thermal sensors found
Feb  5 07:38:12 cu-cs-vm thermald[753]: THD engine start failed
Feb  5 07:38:12 cu-cs-vm systemd[1]: Starting Restore /etc/resolv.conf if the system crashed before the ppp link was shut down...
Feb  5 07:38:12 cu-cs-vm systemd[1]: Starting LSB: Execute the kexec -e command to reboot system...
Feb  5 07:38:12 cu-cs-vm systemd[1]: Starting LSB: daemon to balance interrupts for SMP systems...
Feb  5 07:38:12 cu-cs-vm systemd[1]: Starting Detect the available GPUs and deal with any system changes...
Feb  5 07:38:12 cu-cs-vm systemd[1]: Starting Permit User Sessions...
Feb  5 07:38:12 cu-cs-vm anacron[785]: Anacron 2.3 started on 2020-02-05
Feb  5 07:38:12 cu-cs-vm systemd[1]: Starting Network Manager...
Feb  5 07:38:12 cu-cs-vm systemd[1]: Started Authentication service for virtual machines hosted on VMware.
Feb  5 07:38:12 cu-cs-vm anacron[785]: Normal exit (0 jobs run)
Feb  5 07:38:12 cu-cs-vm gpu-manager[797]: /etc/modprobe.d is not a file
Feb  5 07:38:12 cu-cs-vm gpu-manager[797]: message repeated 4 times: [ /etc/modprobe.d is not a file]
Feb  5 07:38:12 cu-cs-vm gpu-manager[797]: Error: can't open /lib/modules/4.15.18qiuyangfu/updates/dkms
Feb  5 07:38:12 cu-cs-vm gpu-manager[797]: Error: can't open /lib/modules/4.15.18qiuyangfu/updates/dkms
Feb  5 07:38:12 cu-cs-vm VGAuthService[803]: ** Message: Pref_Init: Using '/etc/vmware-tools/vgauth.conf' as preferences filepath
Feb  5 07:38:12 cu-cs-vm systemd[1]: Started ACPI event daemon.
Feb  5 07:38:12 cu-cs-vm VGAuthService[803]: ** Message: Core dump limit set to -1
Feb  5 07:38:12 cu-cs-vm VGAuthService[803]: ** Message: Cannot load message catalog for domain 'VGAuthService', language 'C', catalog dir '.'.
Feb  5 07:38:12 cu-cs-vm VGAuthService[803]: ** Message: INIT SERVICE
Feb  5 07:38:12 cu-cs-vm VGAuthService[803]: ** Message: Using '/var/lib/vmware/VGAuth/aliasStore' for alias store root directory
Feb  5 07:38:12 cu-cs-vm systemd[1]: Starting Avahi mDNS/DNS-SD Stack...
Feb  5 07:38:12 cu-cs-vm systemd[1]: Starting LSB: Set the CPU Frequency Scaling governor to "ondemand"...
Feb  5 07:38:12 cu-cs-vm VGAuthService[803]: ** Message: LoadCatalogAndSchema: Using '/etc/vmware-tools/vgauth/schemas' for SAML schemas
Feb  5 07:38:12 cu-cs-vm systemd[1]: Started uptime record daemon.
Feb  5 07:38:12 cu-cs-vm systemd[1]: Started CUPS Scheduler.
Feb  5 07:38:12 cu-cs-vm kernel: [    0.000000] Linux version 4.15.18qiuyangfu (root@cu-cs-vm) (gcc version 5.4.0 20160609 (Ubuntu 5.4.0-6ubuntu1~16.04.12)) #5 SMP Wed Feb 5 07:30:50 MST 2020 (Ubuntu 4.15.0-33.36~16.04.1-generic 4.15.18)
Feb  5 07:38:12 cu-cs-vm kernel: [    0.000000] Command line: BOOT_IMAGE=/boot/vmlinuz-4.15.18qiuyangfu root=UUID=a7adc8c1-e02a-478b-93ad-c06e060e0176 ro
Feb  5 07:38:12 cu-cs-vm kernel: [    0.000000] KERNEL supported cpus:
Feb  5 07:38:12 cu-cs-vm kernel: [    0.000000]   Intel GenuineIntel
Feb  5 07:38:12 cu-cs-vm kernel: [    0.000000]   AMD AuthenticAMD
Feb  5 07:38:12 cu-cs-vm kernel: [    0.000000]   Centaur CentaurHauls
Feb  5 07:38:12 cu-cs-vm kernel: [    0.000000] Disabled fast string operations
Feb  5 07:38:12 cu-cs-vm kernel: [    0.000000] x86/fpu: Supporting XSAVE feature 0x001: 'x87 floating point registers'
Feb  5 07:38:12 cu-cs-vm kernel: [    0.000000] x86/fpu: Supporting XSAVE feature 0x002: 'SSE registers'
Feb  5 07:38:12 cu-cs-vm kernel: [    0.000000] x86/fpu: Supporting XSAVE feature 0x004: 'AVX registers'
Feb  5 07:38:12 cu-cs-vm kernel: [    0.000000] x86/fpu: xstate_offset[2]:  576, xstate_sizes[2]:  256
Feb  5 07:38:12 cu-cs-vm kernel: [    0.000000] x86/fpu: Enabled xstate features 0x7, context size is 832 bytes, using 'standard' format.
Feb  5 07:38:12 cu-cs-vm kernel: [    0.000000] e820: BIOS-provided physical RAM map:
Feb  5 07:38:12 cu-cs-vm kernel: [    0.000000] BIOS-e820: [mem 0x0000000000000000-0x000000000009e7ff] usable
Feb  5 07:38:12 cu-cs-vm kernel: [    0.000000] BIOS-e820: [mem 0x000000000009e800-0x000000000009ffff] reserved
Feb  5 07:38:12 cu-cs-vm kernel: [    0.000000] BIOS-e820: [mem 0x00000000000dc000-0x00000000000fffff] reserved
Feb  5 07:38:12 cu-cs-vm kernel: [    0.000000] BIOS-e820: [mem 0x0000000000100000-0x00000000bfecffff] usable
Feb  5 07:38:12 cu-cs-vm kernel: [    0.000000] BIOS-e820: [mem 0x00000000bfed0000-0x00000000bfefefff] ACPI data
Feb  5 07:38:12 cu-cs-vm kernel: [    0.000000] BIOS-e820: [mem 0x00000000bfeff000-0x00000000bfefffff] ACPI NVS
Feb  5 07:38:12 cu-cs-vm kernel: [    0.000000] BIOS-e820: [mem 0x00000000bff00000-0x00000000bfffffff] usable
Feb  5 07:38:12 cu-cs-vm kernel: [    0.000000] BIOS-e820: [mem 0x00000000f0000000-0x00000000f7ffffff] reserved
Feb  5 07:38:12 cu-cs-vm kernel: [    0.000000] BIOS-e820: [mem 0x00000000fec00000-0x00000000fec0ffff] reserved
Feb  5 07:38:12 cu-cs-vm kernel: [    0.000000] BIOS-e820: [mem 0x00000000fee00000-0x00000000fee00fff] reserved
Feb  5 07:38:12 cu-cs-vm kernel: [    0.000000] BIOS-e820: [mem 0x00000000fffe0000-0x00000000ffffffff] reserved
Feb  5 07:38:12 cu-cs-vm kernel: [    0.000000] BIOS-e820: [mem 0x0000000100000000-0x0000000139ffffff] usable
Feb  5 07:38:12 cu-cs-vm kernel: [    0.000000] NX (Execute Disable) protection: active
Feb  5 07:38:12 cu-cs-vm kernel: [    0.000000] SMBIOS 2.7 present.
Feb  5 07:38:12 cu-cs-vm kernel: [    0.000000] DMI: VMware, Inc. VMware Virtual Platform/440BX Desktop Reference Platform, BIOS 6.00 07/29/2019
Feb  5 07:38:12 cu-cs-vm kernel: [    0.000000] Hypervisor detected: VMware
Feb  5 07:38:12 cu-cs-vm kernel: [    0.000000] vmware: TSC freq read from hypervisor : 2592.026 MHz
Feb  5 07:38:12 cu-cs-vm kernel: [    0.000000] vmware: Host bus clock speed read from hypervisor : 66000000 Hz
Feb  5 07:38:12 cu-cs-vm kernel: [    0.000000] vmware: using sched offset of 12497836800 ns
Feb  5 07:38:12 cu-cs-vm kernel: [    0.000000] e820: update [mem 0x00000000-0x00000fff] usable ==> reserved
Feb  5 07:38:12 cu-cs-vm kernel: [    0.000000] e820: remove [mem 0x000a0000-0x000fffff] usable
Feb  5 07:38:12 cu-cs-vm kernel: [    0.000000] e820: last_pfn = 0x13a000 max_arch_pfn = 0x400000000
Feb  5 07:38:12 cu-cs-vm kernel: [    0.000000] MTRR default type: uncachable
Feb  5 07:38:12 cu-cs-vm kernel: [    0.000000] MTRR fixed ranges enabled:
Feb  5 07:38:12 cu-cs-vm kernel: [    0.000000]   00000-9FFFF write-back
Feb  5 07:38:12 cu-cs-vm kernel: [    0.000000]   A0000-BFFFF uncachable
Feb  5 07:38:12 cu-cs-vm kernel: [    0.000000]   C0000-C7FFF write-protect
Feb  5 07:38:12 cu-cs-vm kernel: [    0.000000]   C8000-CBFFF write-back
Feb  5 07:38:12 cu-cs-vm kernel: [    0.000000]   CC000-EFFFF uncachable
Feb  5 07:38:12 cu-cs-vm kernel: [    0.000000]   F0000-FFFFF write-protect
Feb  5 07:38:12 cu-cs-vm kernel: [    0.000000] MTRR variable ranges enabled:
Feb  5 07:38:12 cu-cs-vm kernel: [    0.000000]   0 base 00000000000 mask 3F000000000 write-back
Feb  5 07:38:12 cu-cs-vm kernel: [    0.000000]   1 base 000C0000000 mask 3FFC0000000 uncachable
Feb  5 07:38:12 cu-cs-vm kernel: [    0.000000]   2 disabled
Feb  5 07:38:12 cu-cs-vm kernel: [    0.000000]   3 disabled
Feb  5 07:38:12 cu-cs-vm kernel: [    0.000000]   4 disabled
Feb  5 07:38:12 cu-cs-vm kernel: [    0.000000]   5 disabled
Feb  5 07:38:12 cu-cs-vm kernel: [    0.000000]   6 disabled
Feb  5 07:38:12 cu-cs-vm kernel: [    0.000000]   7 disabled
Feb  5 07:38:12 cu-cs-vm kernel: [    0.000000] x86/PAT: Configuration [0-7]: WB  WC  UC- UC  WB  WP  UC- WT  
Feb  5 07:38:12 cu-cs-vm kernel: [    0.000000] total RAM covered: 64512M
Feb  5 07:38:12 cu-cs-vm kernel: [    0.000000] Found optimal setting for mtrr clean up
Feb  5 07:38:12 cu-cs-vm kernel: [    0.000000]  gran_size: 64K 	chunk_size: 64K 	num_reg: 6  	lose cover RAM: 0G
Feb  5 07:38:12 cu-cs-vm kernel: [    0.000000] e820: update [mem 0xc0000000-0xffffffff] usable ==> reserved
Feb  5 07:38:12 cu-cs-vm kernel: [    0.000000] e820: last_pfn = 0xc0000 max_arch_pfn = 0x400000000
Feb  5 07:38:12 cu-cs-vm kernel: [    0.000000] found SMP MP-table at [mem 0x000f6a70-0x000f6a7f]
Feb  5 07:38:12 cu-cs-vm kernel: [    0.000000] Scanning 1 areas for low memory corruption
Feb  5 07:38:12 cu-cs-vm kernel: [    0.000000] Using GB pages for direct mapping
Feb  5 07:38:12 cu-cs-vm kernel: [    0.000000] BRK [0x5178f000, 0x5178ffff] PGTABLE
Feb  5 07:38:12 cu-cs-vm kernel: [    0.000000] BRK [0x51790000, 0x51790fff] PGTABLE
Feb  5 07:38:12 cu-cs-vm kernel: [    0.000000] BRK [0x51791000, 0x51791fff] PGTABLE
Feb  5 07:38:12 cu-cs-vm kernel: [    0.000000] BRK [0x51792000, 0x51792fff] PGTABLE
Feb  5 07:38:12 cu-cs-vm kernel: [    0.000000] BRK [0x51793000, 0x51793fff] PGTABLE
Feb  5 07:38:12 cu-cs-vm kernel: [    0.000000] RAMDISK: [mem 0x1ce48000-0x37feffff]
Feb  5 07:38:12 cu-cs-vm kernel: [    0.000000] ACPI: Early table checksum verification disabled
Feb  5 07:38:12 cu-cs-vm kernel: [    0.000000] ACPI: RSDP 0x00000000000F6A00 000024 (v02 PTLTD )
Feb  5 07:38:12 cu-cs-vm kernel: [    0.000000] ACPI: XSDT 0x00000000BFEDC677 000054 (v01 INTEL  440BX    06040000 VMW  01324272)
Feb  5 07:38:12 cu-cs-vm kernel: [    0.000000] ACPI: FACP 0x00000000BFEFEE73 0000F4 (v04 INTEL  440BX    06040000 PTL  000F4240)
Feb  5 07:38:12 cu-cs-vm kernel: [    0.000000] ACPI: DSDT 0x00000000BFEDDD35 02113E (v01 PTLTD  Custom   06040000 MSFT 03000001)
Feb  5 07:38:12 cu-cs-vm kernel: [    0.000000] ACPI: FACS 0x00000000BFEFFFC0 000040
Feb  5 07:38:12 cu-cs-vm kernel: [    0.000000] ACPI: FACS 0x00000000BFEFFFC0 000040
Feb  5 07:38:12 cu-cs-vm kernel: [    0.000000] ACPI: BOOT 0x00000000BFEDDD0D 000028 (v01 PTLTD  $SBFTBL$ 06040000  LTP 00000001)
Feb  5 07:38:12 cu-cs-vm kernel: [    0.000000] ACPI: APIC 0x00000000BFEDD5CB 000742 (v01 PTLTD  ? APIC   06040000  LTP 00000000)
Feb  5 07:38:12 cu-cs-vm kernel: [    0.000000] ACPI: MCFG 0x00000000BFEDD58F 00003C (v01 PTLTD  $PCITBL$ 06040000  LTP 00000001)
Feb  5 07:38:12 cu-cs-vm kernel: [    0.000000] ACPI: SRAT 0x00000000BFEDC72F 0008D0 (v02 VMWARE MEMPLUG  06040000 VMW  00000001)
Feb  5 07:38:12 cu-cs-vm kernel: [    0.000000] ACPI: WAET 0x00000000BFEDC707 000028 (v01 VMWARE VMW WAET 06040000 VMW  00000001)
Feb  5 07:38:12 cu-cs-vm kernel: [    0.000000] ACPI: Local APIC address 0xfee00000
Feb  5 07:38:12 cu-cs-vm kernel: [    0.000000] system APIC only can use physical flat
Feb  5 07:38:12 cu-cs-vm kernel: [    0.000000] Setting APIC routing to physical flat.
Feb  5 07:38:12 cu-cs-vm kernel: [    0.000000] SRAT: PXM 0 -> APIC 0x00 -> Node 0
Feb  5 07:38:12 cu-cs-vm kernel: [    0.000000] SRAT: PXM 0 -> APIC 0x02 -> Node 0
Feb  5 07:38:12 cu-cs-vm kernel: [    0.000000] SRAT: PXM 0 -> APIC 0x04 -> Node 0
Feb  5 07:38:12 cu-cs-vm kernel: [    0.000000] SRAT: PXM 0 -> APIC 0x06 -> Node 0
Feb  5 07:38:12 cu-cs-vm kernel: [    0.000000] SRAT: PXM 0 -> APIC 0x08 -> Node 0
Feb  5 07:38:12 cu-cs-vm kernel: [    0.000000] SRAT: PXM 0 -> APIC 0x0a -> Node 0
Feb  5 07:38:12 cu-cs-vm kernel: [    0.000000] SRAT: PXM 0 -> APIC 0x0c -> Node 0
Feb  5 07:38:12 cu-cs-vm kernel: [    0.000000] SRAT: PXM 0 -> APIC 0x0e -> Node 0
Feb  5 07:38:12 cu-cs-vm kernel: [    0.000000] SRAT: PXM 0 -> APIC 0x10 -> Node 0
Feb  5 07:38:12 cu-cs-vm kernel: [    0.000000] SRAT: PXM 0 -> APIC 0x12 -> Node 0
Feb  5 07:38:12 cu-cs-vm kernel: [    0.000000] SRAT: PXM 0 -> APIC 0x14 -> Node 0
Feb  5 07:38:12 cu-cs-vm kernel: [    0.000000] SRAT: PXM 0 -> APIC 0x16 -> Node 0
Feb  5 07:38:12 cu-cs-vm kernel: [    0.000000] SRAT: PXM 0 -> APIC 0x18 -> Node 0
Feb  5 07:38:12 cu-cs-vm kernel: [    0.000000] SRAT: PXM 0 -> APIC 0x1a -> Node 0
Feb  5 07:38:12 cu-cs-vm kernel: [    0.000000] SRAT: PXM 0 -> APIC 0x1c -> Node 0
Feb  5 07:38:12 cu-cs-vm kernel: [    0.000000] SRAT: PXM 0 -> APIC 0x1e -> Node 0
Feb  5 07:38:12 cu-cs-vm kernel: [    0.000000] SRAT: PXM 0 -> APIC 0x20 -> Node 0
Feb  5 07:38:12 cu-cs-vm kernel: [    0.000000] SRAT: PXM 0 -> APIC 0x22 -> Node 0
Feb  5 07:38:12 cu-cs-vm kernel: [    0.000000] SRAT: PXM 0 -> APIC 0x24 -> Node 0
Feb  5 07:38:12 cu-cs-vm kernel: [    0.000000] SRAT: PXM 0 -> APIC 0x26 -> Node 0
Feb  5 07:38:12 cu-cs-vm kernel: [    0.000000] SRAT: PXM 0 -> APIC 0x28 -> Node 0
Feb  5 07:38:12 cu-cs-vm kernel: [    0.000000] SRAT: PXM 0 -> APIC 0x2a -> Node 0
Feb  5 07:38:12 cu-cs-vm kernel: [    0.000000] SRAT: PXM 0 -> APIC 0x2c -> Node 0
Feb  5 07:38:12 cu-cs-vm kernel: [    0.000000] SRAT: PXM 0 -> APIC 0x2e -> Node 0
Feb  5 07:38:12 cu-cs-vm kernel: [    0.000000] SRAT: PXM 0 -> APIC 0x30 -> Node 0
Feb  5 07:38:12 cu-cs-vm kernel: [    0.000000] SRAT: PXM 0 -> APIC 0x32 -> Node 0
Feb  5 07:38:12 cu-cs-vm kernel: [    0.000000] SRAT: PXM 0 -> APIC 0x34 -> Node 0
Feb  5 07:38:12 cu-cs-vm kernel: [    0.000000] SRAT: PXM 0 -> APIC 0x36 -> Node 0
Feb  5 07:38:12 cu-cs-vm kernel: [    0.000000] SRAT: PXM 0 -> APIC 0x38 -> Node 0
Feb  5 07:38:12 cu-cs-vm kernel: [    0.000000] SRAT: PXM 0 -> APIC 0x3a -> Node 0
Feb  5 07:38:12 cu-cs-vm kernel: [    0.000000] SRAT: PXM 0 -> APIC 0x3c -> Node 0
Feb  5 07:38:12 cu-cs-vm kernel: [    0.000000] SRAT: PXM 0 -> APIC 0x3e -> Node 0
Feb  5 07:38:12 cu-cs-vm kernel: [    0.000000] SRAT: PXM 0 -> APIC 0x40 -> Node 0
Feb  5 07:38:12 cu-cs-vm kernel: [    0.000000] SRAT: PXM 0 -> APIC 0x42 -> Node 0
Feb  5 07:38:12 cu-cs-vm kernel: [    0.000000] SRAT: PXM 0 -> APIC 0x44 -> Node 0
Feb  5 07:38:12 cu-cs-vm kernel: [    0.000000] SRAT: PXM 0 -> APIC 0x46 -> Node 0
Feb  5 07:38:12 cu-cs-vm kernel: [    0.000000] SRAT: PXM 0 -> APIC 0x48 -> Node 0
Feb  5 07:38:12 cu-cs-vm kernel: [    0.000000] SRAT: PXM 0 -> APIC 0x4a -> Node 0
Feb  5 07:38:12 cu-cs-vm kernel: [    0.000000] SRAT: PXM 0 -> APIC 0x4c -> Node 0
Feb  5 07:38:12 cu-cs-vm kernel: [    0.000000] SRAT: PXM 0 -> APIC 0x4e -> Node 0
Feb  5 07:38:12 cu-cs-vm kernel: [    0.000000] SRAT: PXM 0 -> APIC 0x50 -> Node 0
Feb  5 07:38:12 cu-cs-vm kernel: [    0.000000] SRAT: PXM 0 -> APIC 0x52 -> Node 0
Feb  5 07:38:12 cu-cs-vm kernel: [    0.000000] SRAT: PXM 0 -> APIC 0x54 -> Node 0
Feb  5 07:38:12 cu-cs-vm kernel: [    0.000000] SRAT: PXM 0 -> APIC 0x56 -> Node 0
Feb  5 07:38:12 cu-cs-vm kernel: [    0.000000] SRAT: PXM 0 -> APIC 0x58 -> Node 0
Feb  5 07:38:12 cu-cs-vm kernel: [    0.000000] SRAT: PXM 0 -> APIC 0x5a -> Node 0
Feb  5 07:38:12 cu-cs-vm kernel: [    0.000000] SRAT: PXM 0 -> APIC 0x5c -> Node 0
Feb  5 07:38:12 cu-cs-vm kernel: [    0.000000] SRAT: PXM 0 -> APIC 0x5e -> Node 0
Feb  5 07:38:12 cu-cs-vm kernel: [    0.000000] SRAT: PXM 0 -> APIC 0x60 -> Node 0
Feb  5 07:38:12 cu-cs-vm kernel: [    0.000000] SRAT: PXM 0 -> APIC 0x62 -> Node 0
Feb  5 07:38:12 cu-cs-vm kernel: [    0.000000] SRAT: PXM 0 -> APIC 0x64 -> Node 0
Feb  5 07:38:12 cu-cs-vm kernel: [    0.000000] SRAT: PXM 0 -> APIC 0x66 -> Node 0
Feb  5 07:38:12 cu-cs-vm kernel: [    0.000000] SRAT: PXM 0 -> APIC 0x68 -> Node 0
Feb  5 07:38:12 cu-cs-vm kernel: [    0.000000] SRAT: PXM 0 -> APIC 0x6a -> Node 0
Feb  5 07:38:12 cu-cs-vm kernel: [    0.000000] SRAT: PXM 0 -> APIC 0x6c -> Node 0
Feb  5 07:38:12 cu-cs-vm kernel: [    0.000000] SRAT: PXM 0 -> APIC 0x6e -> Node 0
Feb  5 07:38:12 cu-cs-vm kernel: [    0.000000] SRAT: PXM 0 -> APIC 0x70 -> Node 0
Feb  5 07:38:12 cu-cs-vm kernel: [    0.000000] SRAT: PXM 0 -> APIC 0x72 -> Node 0
Feb  5 07:38:12 cu-cs-vm kernel: [    0.000000] SRAT: PXM 0 -> APIC 0x74 -> Node 0
Feb  5 07:38:12 cu-cs-vm kernel: [    0.000000] SRAT: PXM 0 -> APIC 0x76 -> Node 0
Feb  5 07:38:12 cu-cs-vm kernel: [    0.000000] SRAT: PXM 0 -> APIC 0x78 -> Node 0
Feb  5 07:38:12 cu-cs-vm kernel: [    0.000000] SRAT: PXM 0 -> APIC 0x7a -> Node 0
Feb  5 07:38:12 cu-cs-vm kernel: [    0.000000] SRAT: PXM 0 -> APIC 0x7c -> Node 0
Feb  5 07:38:12 cu-cs-vm kernel: [    0.000000] SRAT: PXM 0 -> APIC 0x7e -> Node 0
Feb  5 07:38:12 cu-cs-vm kernel: [    0.000000] SRAT: PXM 0 -> APIC 0x80 -> Node 0
Feb  5 07:38:12 cu-cs-vm kernel: [    0.000000] SRAT: PXM 0 -> APIC 0x82 -> Node 0
Feb  5 07:38:12 cu-cs-vm kernel: [    0.000000] SRAT: PXM 0 -> APIC 0x84 -> Node 0
Feb  5 07:38:12 cu-cs-vm kernel: [    0.000000] SRAT: PXM 0 -> APIC 0x86 -> Node 0
Feb  5 07:38:12 cu-cs-vm kernel: [    0.000000] SRAT: PXM 0 -> APIC 0x88 -> Node 0
Feb  5 07:38:12 cu-cs-vm kernel: [    0.000000] SRAT: PXM 0 -> APIC 0x8a -> Node 0
Feb  5 07:38:12 cu-cs-vm kernel: [    0.000000] SRAT: PXM 0 -> APIC 0x8c -> Node 0
Feb  5 07:38:12 cu-cs-vm kernel: [    0.000000] SRAT: PXM 0 -> APIC 0x8e -> Node 0
Feb  5 07:38:12 cu-cs-vm kernel: [    0.000000] SRAT: PXM 0 -> APIC 0x90 -> Node 0
Feb  5 07:38:12 cu-cs-vm kernel: [    0.000000] SRAT: PXM 0 -> APIC 0x92 -> Node 0
Feb  5 07:38:12 cu-cs-vm kernel: [    0.000000] SRAT: PXM 0 -> APIC 0x94 -> Node 0
Feb  5 07:38:12 cu-cs-vm kernel: [    0.000000] SRAT: PXM 0 -> APIC 0x96 -> Node 0
Feb  5 07:38:12 cu-cs-vm kernel: [    0.000000] SRAT: PXM 0 -> APIC 0x98 -> Node 0
Feb  5 07:38:12 cu-cs-vm kernel: [    0.000000] SRAT: PXM 0 -> APIC 0x9a -> Node 0
Feb  5 07:38:12 cu-cs-vm kernel: [    0.000000] SRAT: PXM 0 -> APIC 0x9c -> Node 0
Feb  5 07:38:12 cu-cs-vm kernel: [    0.000000] SRAT: PXM 0 -> APIC 0x9e -> Node 0
Feb  5 07:38:12 cu-cs-vm kernel: [    0.000000] SRAT: PXM 0 -> APIC 0xa0 -> Node 0
Feb  5 07:38:12 cu-cs-vm kernel: [    0.000000] SRAT: PXM 0 -> APIC 0xa2 -> Node 0
Feb  5 07:38:12 cu-cs-vm kernel: [    0.000000] SRAT: PXM 0 -> APIC 0xa4 -> Node 0
Feb  5 07:38:12 cu-cs-vm kernel: [    0.000000] SRAT: PXM 0 -> APIC 0xa6 -> Node 0
Feb  5 07:38:12 cu-cs-vm kernel: [    0.000000] SRAT: PXM 0 -> APIC 0xa8 -> Node 0
Feb  5 07:38:12 cu-cs-vm kernel: [    0.000000] SRAT: PXM 0 -> APIC 0xaa -> Node 0
Feb  5 07:38:12 cu-cs-vm kernel: [    0.000000] SRAT: PXM 0 -> APIC 0xac -> Node 0
Feb  5 07:38:12 cu-cs-vm kernel: [    0.000000] SRAT: PXM 0 -> APIC 0xae -> Node 0
Feb  5 07:38:12 cu-cs-vm kernel: [    0.000000] SRAT: PXM 0 -> APIC 0xb0 -> Node 0
Feb  5 07:38:12 cu-cs-vm kernel: [    0.000000] SRAT: PXM 0 -> APIC 0xb2 -> Node 0
Feb  5 07:38:12 cu-cs-vm kernel: [    0.000000] SRAT: PXM 0 -> APIC 0xb4 -> Node 0
Feb  5 07:38:12 cu-cs-vm kernel: [    0.000000] SRAT: PXM 0 -> APIC 0xb6 -> Node 0
Feb  5 07:38:12 cu-cs-vm kernel: [    0.000000] SRAT: PXM 0 -> APIC 0xb8 -> Node 0
Feb  5 07:38:12 cu-cs-vm kernel: [    0.000000] SRAT: PXM 0 -> APIC 0xba -> Node 0
Feb  5 07:38:12 cu-cs-vm kernel: [    0.000000] SRAT: PXM 0 -> APIC 0xbc -> Node 0
Feb  5 07:38:12 cu-cs-vm kernel: [    0.000000] SRAT: PXM 0 -> APIC 0xbe -> Node 0
Feb  5 07:38:12 cu-cs-vm kernel: [    0.000000] SRAT: PXM 0 -> APIC 0xc0 -> Node 0
Feb  5 07:38:12 cu-cs-vm kernel: [    0.000000] SRAT: PXM 0 -> APIC 0xc2 -> Node 0
Feb  5 07:38:12 cu-cs-vm kernel: [    0.000000] SRAT: PXM 0 -> APIC 0xc4 -> Node 0
Feb  5 07:38:12 cu-cs-vm kernel: [    0.000000] SRAT: PXM 0 -> APIC 0xc6 -> Node 0
Feb  5 07:38:12 cu-cs-vm kernel: [    0.000000] SRAT: PXM 0 -> APIC 0xc8 -> Node 0
Feb  5 07:38:12 cu-cs-vm kernel: [    0.000000] SRAT: PXM 0 -> APIC 0xca -> Node 0
Feb  5 07:38:12 cu-cs-vm kernel: [    0.000000] SRAT: PXM 0 -> APIC 0xcc -> Node 0
Feb  5 07:38:12 cu-cs-vm kernel: [    0.000000] SRAT: PXM 0 -> APIC 0xce -> Node 0
Feb  5 07:38:12 cu-cs-vm kernel: [    0.000000] SRAT: PXM 0 -> APIC 0xd0 -> Node 0
Feb  5 07:38:12 cu-cs-vm kernel: [    0.000000] SRAT: PXM 0 -> APIC 0xd2 -> Node 0
Feb  5 07:38:12 cu-cs-vm kernel: [    0.000000] SRAT: PXM 0 -> APIC 0xd4 -> Node 0
Feb  5 07:38:12 cu-cs-vm kernel: [    0.000000] SRAT: PXM 0 -> APIC 0xd6 -> Node 0
Feb  5 07:38:12 cu-cs-vm kernel: [    0.000000] SRAT: PXM 0 -> APIC 0xd8 -> Node 0
Feb  5 07:38:12 cu-cs-vm kernel: [    0.000000] SRAT: PXM 0 -> APIC 0xda -> Node 0
Feb  5 07:38:12 cu-cs-vm kernel: [    0.000000] SRAT: PXM 0 -> APIC 0xdc -> Node 0
Feb  5 07:38:12 cu-cs-vm kernel: [    0.000000] SRAT: PXM 0 -> APIC 0xde -> Node 0
Feb  5 07:38:12 cu-cs-vm kernel: [    0.000000] SRAT: PXM 0 -> APIC 0xe0 -> Node 0
Feb  5 07:38:12 cu-cs-vm kernel: [    0.000000] SRAT: PXM 0 -> APIC 0xe2 -> Node 0
Feb  5 07:38:12 cu-cs-vm kernel: [    0.000000] SRAT: PXM 0 -> APIC 0xe4 -> Node 0
Feb  5 07:38:12 cu-cs-vm kernel: [    0.000000] SRAT: PXM 0 -> APIC 0xe6 -> Node 0
Feb  5 07:38:12 cu-cs-vm kernel: [    0.000000] SRAT: PXM 0 -> APIC 0xe8 -> Node 0
Feb  5 07:38:12 cu-cs-vm kernel: [    0.000000] SRAT: PXM 0 -> APIC 0xea -> Node 0
Feb  5 07:38:12 cu-cs-vm kernel: [    0.000000] SRAT: PXM 0 -> APIC 0xec -> Node 0
Feb  5 07:38:12 cu-cs-vm kernel: [    0.000000] SRAT: PXM 0 -> APIC 0xee -> Node 0
Feb  5 07:38:12 cu-cs-vm kernel: [    0.000000] SRAT: PXM 0 -> APIC 0xf0 -> Node 0
Feb  5 07:38:12 cu-cs-vm kernel: [    0.000000] SRAT: PXM 0 -> APIC 0xf2 -> Node 0
Feb  5 07:38:12 cu-cs-vm kernel: [    0.000000] SRAT: PXM 0 -> APIC 0xf4 -> Node 0
Feb  5 07:38:12 cu-cs-vm kernel: [    0.000000] SRAT: PXM 0 -> APIC 0xf6 -> Node 0
Feb  5 07:38:12 cu-cs-vm kernel: [    0.000000] SRAT: PXM 0 -> APIC 0xf8 -> Node 0
Feb  5 07:38:12 cu-cs-vm kernel: [    0.000000] SRAT: PXM 0 -> APIC 0xfa -> Node 0
Feb  5 07:38:12 cu-cs-vm kernel: [    0.000000] SRAT: PXM 0 -> APIC 0xfc -> Node 0
Feb  5 07:38:12 cu-cs-vm kernel: [    0.000000] SRAT: PXM 0 -> APIC 0xfe -> Node 0
Feb  5 07:38:12 cu-cs-vm kernel: [    0.000000] ACPI: SRAT: Node 0 PXM 0 [mem 0x00000000-0x0009ffff]
Feb  5 07:38:12 cu-cs-vm kernel: [    0.000000] ACPI: SRAT: Node 0 PXM 0 [mem 0x00100000-0xbfffffff]
Feb  5 07:38:12 cu-cs-vm kernel: [    0.000000] ACPI: SRAT: Node 0 PXM 0 [mem 0x100000000-0x139ffffff]
Feb  5 07:38:12 cu-cs-vm kernel: [    0.000000] ACPI: SRAT: Node 0 PXM 0 [mem 0x13a000000-0xfdfffffff] hotplug
Feb  5 07:38:12 cu-cs-vm kernel: [    0.000000] NUMA: Node 0 [mem 0x00000000-0x0009ffff] + [mem 0x00100000-0xbfffffff] -> [mem 0x00000000-0xbfffffff]
Feb  5 07:38:12 cu-cs-vm kernel: [    0.000000] NUMA: Node 0 [mem 0x00000000-0xbfffffff] + [mem 0x100000000-0x139ffffff] -> [mem 0x00000000-0x139ffffff]
Feb  5 07:38:12 cu-cs-vm kernel: [    0.000000] NODE_DATA(0) allocated [mem 0x139fd3000-0x139ffdfff]
Feb  5 07:38:12 cu-cs-vm kernel: [    0.000000] Zone ranges:
Feb  5 07:38:12 cu-cs-vm kernel: [    0.000000]   DMA      [mem 0x0000000000001000-0x0000000000ffffff]
Feb  5 07:38:12 cu-cs-vm kernel: [    0.000000]   DMA32    [mem 0x0000000001000000-0x00000000ffffffff]
Feb  5 07:38:12 cu-cs-vm kernel: [    0.000000]   Normal   [mem 0x0000000100000000-0x0000000139ffffff]
Feb  5 07:38:12 cu-cs-vm kernel: [    0.000000]   Device   empty
Feb  5 07:38:12 cu-cs-vm kernel: [    0.000000] Movable zone start for each node
Feb  5 07:38:12 cu-cs-vm kernel: [    0.000000] Early memory node ranges
Feb  5 07:38:12 cu-cs-vm kernel: [    0.000000]   node   0: [mem 0x0000000000001000-0x000000000009dfff]
Feb  5 07:38:12 cu-cs-vm kernel: [    0.000000]   node   0: [mem 0x0000000000100000-0x00000000bfecffff]
Feb  5 07:38:12 cu-cs-vm kernel: [    0.000000]   node   0: [mem 0x00000000bff00000-0x00000000bfffffff]
Feb  5 07:38:12 cu-cs-vm kernel: [    0.000000]   node   0: [mem 0x0000000100000000-0x0000000139ffffff]
Feb  5 07:38:12 cu-cs-vm kernel: [    0.000000] Reserved but unavailable: 99 pages
Feb  5 07:38:12 cu-cs-vm kernel: [    0.000000] Initmem setup node 0 [mem 0x0000000000001000-0x0000000139ffffff]
Feb  5 07:38:12 cu-cs-vm kernel: [    0.000000] On node 0 totalpages: 1023853
Feb  5 07:38:12 cu-cs-vm kernel: [    0.000000]   DMA zone: 64 pages used for memmap
Feb  5 07:38:12 cu-cs-vm kernel: [    0.000000]   DMA zone: 21 pages reserved
Feb  5 07:38:12 cu-cs-vm kernel: [    0.000000]   DMA zone: 3997 pages, LIFO batch:0
Feb  5 07:38:12 cu-cs-vm kernel: [    0.000000]   DMA32 zone: 12224 pages used for memmap
Feb  5 07:38:12 cu-cs-vm kernel: [    0.000000]   DMA32 zone: 782288 pages, LIFO batch:31
Feb  5 07:38:12 cu-cs-vm kernel: [    0.000000]   Normal zone: 3712 pages used for memmap
Feb  5 07:38:12 cu-cs-vm kernel: [    0.000000]   Normal zone: 237568 pages, LIFO batch:31
Feb  5 07:38:12 cu-cs-vm kernel: [    0.000000] ACPI: PM-Timer IO Port: 0x1008
Feb  5 07:38:12 cu-cs-vm kernel: [    0.000000] ACPI: Local APIC address 0xfee00000
Feb  5 07:38:12 cu-cs-vm kernel: [    0.000000] system APIC only can use physical flat
Feb  5 07:38:12 cu-cs-vm kernel: [    0.000000] ACPI: LAPIC_NMI (acpi_id[0x00] high edge lint[0x1])
Feb  5 07:38:12 cu-cs-vm kernel: [    0.000000] ACPI: LAPIC_NMI (acpi_id[0x01] high edge lint[0x1])
Feb  5 07:38:12 cu-cs-vm kernel: [    0.000000] ACPI: LAPIC_NMI (acpi_id[0x02] high edge lint[0x1])
Feb  5 07:38:12 cu-cs-vm kernel: [    0.000000] ACPI: LAPIC_NMI (acpi_id[0x03] high edge lint[0x1])
Feb  5 07:38:12 cu-cs-vm kernel: [    0.000000] ACPI: LAPIC_NMI (acpi_id[0x04] high edge lint[0x1])
Feb  5 07:38:12 cu-cs-vm kernel: [    0.000000] ACPI: LAPIC_NMI (acpi_id[0x05] high edge lint[0x1])
Feb  5 07:38:12 cu-cs-vm kernel: [    0.000000] ACPI: LAPIC_NMI (acpi_id[0x06] high edge lint[0x1])
Feb  5 07:38:12 cu-cs-vm kernel: [    0.000000] ACPI: LAPIC_NMI (acpi_id[0x07] high edge lint[0x1])
Feb  5 07:38:12 cu-cs-vm kernel: [    0.000000] ACPI: LAPIC_NMI (acpi_id[0x08] high edge lint[0x1])
Feb  5 07:38:12 cu-cs-vm kernel: [    0.000000] ACPI: LAPIC_NMI (acpi_id[0x09] high edge lint[0x1])
Feb  5 07:38:12 cu-cs-vm kernel: [    0.000000] ACPI: LAPIC_NMI (acpi_id[0x0a] high edge lint[0x1])
Feb  5 07:38:12 cu-cs-vm kernel: [    0.000000] ACPI: LAPIC_NMI (acpi_id[0x0b] high edge lint[0x1])
Feb  5 07:38:12 cu-cs-vm kernel: [    0.000000] ACPI: LAPIC_NMI (acpi_id[0x0c] high edge lint[0x1])
Feb  5 07:38:12 cu-cs-vm kernel: [    0.000000] ACPI: LAPIC_NMI (acpi_id[0x0d] high edge lint[0x1])
Feb  5 07:38:12 cu-cs-vm kernel: [    0.000000] ACPI: LAPIC_NMI (acpi_id[0x0e] high edge lint[0x1])
Feb  5 07:38:12 cu-cs-vm kernel: [    0.000000] ACPI: LAPIC_NMI (acpi_id[0x0f] high edge lint[0x1])
Feb  5 07:38:12 cu-cs-vm kernel: [    0.000000] ACPI: LAPIC_NMI (acpi_id[0x10] high edge lint[0x1])
Feb  5 07:38:12 cu-cs-vm kernel: [    0.000000] ACPI: LAPIC_NMI (acpi_id[0x11] high edge lint[0x1])
Feb  5 07:38:12 cu-cs-vm kernel: [    0.000000] ACPI: LAPIC_NMI (acpi_id[0x12] high edge lint[0x1])
Feb  5 07:38:12 cu-cs-vm kernel: [    0.000000] ACPI: LAPIC_NMI (acpi_id[0x13] high edge lint[0x1])
Feb  5 07:38:12 cu-cs-vm kernel: [    0.000000] ACPI: LAPIC_NMI (acpi_id[0x14] high edge lint[0x1])
Feb  5 07:38:12 cu-cs-vm kernel: [    0.000000] ACPI: LAPIC_NMI (acpi_id[0x15] high edge lint[0x1])
Feb  5 07:38:12 cu-cs-vm kernel: [    0.000000] ACPI: LAPIC_NMI (acpi_id[0x16] high edge lint[0x1])
Feb  5 07:38:12 cu-cs-vm kernel: [    0.000000] ACPI: LAPIC_NMI (acpi_id[0x17] high edge lint[0x1])
Feb  5 07:38:12 cu-cs-vm kernel: [    0.000000] ACPI: LAPIC_NMI (acpi_id[0x18] high edge lint[0x1])
Feb  5 07:38:12 cu-cs-vm kernel: [    0.000000] ACPI: LAPIC_NMI (acpi_id[0x19] high edge lint[0x1])
Feb  5 07:38:12 cu-cs-vm kernel: [    0.000000] ACPI: LAPIC_NMI (acpi_id[0x1a] high edge lint[0x1])
Feb  5 07:38:12 cu-cs-vm kernel: [    0.000000] ACPI: LAPIC_NMI (acpi_id[0x1b] high edge lint[0x1])
Feb  5 07:38:12 cu-cs-vm kernel: [    0.000000] ACPI: LAPIC_NMI (acpi_id[0x1c] high edge lint[0x1])
Feb  5 07:38:12 cu-cs-vm kernel: [    0.000000] ACPI: LAPIC_NMI (acpi_id[0x1d] high edge lint[0x1])
Feb  5 07:38:12 cu-cs-vm kernel: [    0.000000] ACPI: LAPIC_NMI (acpi_id[0x1e] high edge lint[0x1])
Feb  5 07:38:12 cu-cs-vm kernel: [    0.000000] ACPI: LAPIC_NMI (acpi_id[0x1f] high edge lint[0x1])
Feb  5 07:38:12 cu-cs-vm kernel: [    0.000000] ACPI: LAPIC_NMI (acpi_id[0x20] high edge lint[0x1])
Feb  5 07:38:12 cu-cs-vm kernel: [    0.000000] ACPI: LAPIC_NMI (acpi_id[0x21] high edge lint[0x1])
Feb  5 07:38:12 cu-cs-vm kernel: [    0.000000] ACPI: LAPIC_NMI (acpi_id[0x22] high edge lint[0x1])
Feb  5 07:38:12 cu-cs-vm kernel: [    0.000000] ACPI: LAPIC_NMI (acpi_id[0x23] high edge lint[0x1])
Feb  5 07:38:12 cu-cs-vm kernel: [    0.000000] ACPI: LAPIC_NMI (acpi_id[0x24] high edge lint[0x1])
Feb  5 07:38:12 cu-cs-vm kernel: [    0.000000] ACPI: LAPIC_NMI (acpi_id[0x25] high edge lint[0x1])
Feb  5 07:38:12 cu-cs-vm kernel: [    0.000000] ACPI: LAPIC_NMI (acpi_id[0x26] high edge lint[0x1])
Feb  5 07:38:12 cu-cs-vm kernel: [    0.000000] ACPI: LAPIC_NMI (acpi_id[0x27] high edge lint[0x1])
Feb  5 07:38:12 cu-cs-vm kernel: [    0.000000] ACPI: LAPIC_NMI (acpi_id[0x28] high edge lint[0x1])
Feb  5 07:38:12 cu-cs-vm kernel: [    0.000000] ACPI: LAPIC_NMI (acpi_id[0x29] high edge lint[0x1])
Feb  5 07:38:12 cu-cs-vm kernel: [    0.000000] ACPI: LAPIC_NMI (acpi_id[0x2a] high edge lint[0x1])
Feb  5 07:38:12 cu-cs-vm kernel: [    0.000000] ACPI: LAPIC_NMI (acpi_id[0x2b] high edge lint[0x1])
Feb  5 07:38:12 cu-cs-vm kernel: [    0.000000] ACPI: LAPIC_NMI (acpi_id[0x2c] high edge lint[0x1])
Feb  5 07:38:12 cu-cs-vm kernel: [    0.000000] ACPI: LAPIC_NMI (acpi_id[0x2d] high edge lint[0x1])
Feb  5 07:38:12 cu-cs-vm kernel: [    0.000000] ACPI: LAPIC_NMI (acpi_id[0x2e] high edge lint[0x1])
Feb  5 07:38:12 cu-cs-vm kernel: [    0.000000] ACPI: LAPIC_NMI (acpi_id[0x2f] high edge lint[0x1])
Feb  5 07:38:12 cu-cs-vm kernel: [    0.000000] ACPI: LAPIC_NMI (acpi_id[0x30] high edge lint[0x1])
Feb  5 07:38:12 cu-cs-vm kernel: [    0.000000] ACPI: LAPIC_NMI (acpi_id[0x31] high edge lint[0x1])
Feb  5 07:38:12 cu-cs-vm kernel: [    0.000000] ACPI: LAPIC_NMI (acpi_id[0x32] high edge lint[0x1])
Feb  5 07:38:12 cu-cs-vm kernel: [    0.000000] ACPI: LAPIC_NMI (acpi_id[0x33] high edge lint[0x1])
Feb  5 07:38:12 cu-cs-vm kernel: [    0.000000] ACPI: LAPIC_NMI (acpi_id[0x34] high edge lint[0x1])
Feb  5 07:38:12 cu-cs-vm kernel: [    0.000000] ACPI: LAPIC_NMI (acpi_id[0x35] high edge lint[0x1])
Feb  5 07:38:12 cu-cs-vm kernel: [    0.000000] ACPI: LAPIC_NMI (acpi_id[0x36] high edge lint[0x1])
Feb  5 07:38:12 cu-cs-vm kernel: [    0.000000] ACPI: LAPIC_NMI (acpi_id[0x37] high edge lint[0x1])
Feb  5 07:38:12 cu-cs-vm kernel: [    0.000000] ACPI: LAPIC_NMI (acpi_id[0x38] high edge lint[0x1])
Feb  5 07:38:12 cu-cs-vm kernel: [    0.000000] ACPI: LAPIC_NMI (acpi_id[0x39] high edge lint[0x1])
Feb  5 07:38:12 cu-cs-vm kernel: [    0.000000] ACPI: LAPIC_NMI (acpi_id[0x3a] high edge lint[0x1])
Feb  5 07:38:12 cu-cs-vm kernel: [    0.000000] ACPI: LAPIC_NMI (acpi_id[0x3b] high edge lint[0x1])
Feb  5 07:38:12 cu-cs-vm kernel: [    0.000000] ACPI: LAPIC_NMI (acpi_id[0x3c] high edge lint[0x1])
Feb  5 07:38:12 cu-cs-vm kernel: [    0.000000] ACPI: LAPIC_NMI (acpi_id[0x3d] high edge lint[0x1])
Feb  5 07:38:12 cu-cs-vm kernel: [    0.000000] ACPI: LAPIC_NMI (acpi_id[0x3e] high edge lint[0x1])
Feb  5 07:38:12 cu-cs-vm kernel: [    0.000000] ACPI: LAPIC_NMI (acpi_id[0x3f] high edge lint[0x1])
Feb  5 07:38:12 cu-cs-vm kernel: [    0.000000] ACPI: LAPIC_NMI (acpi_id[0x40] high edge lint[0x1])
Feb  5 07:38:12 cu-cs-vm kernel: [    0.000000] ACPI: LAPIC_NMI (acpi_id[0x41] high edge lint[0x1])
Feb  5 07:38:12 cu-cs-vm kernel: [    0.000000] ACPI: LAPIC_NMI (acpi_id[0x42] high edge lint[0x1])
Feb  5 07:38:12 cu-cs-vm kernel: [    0.000000] ACPI: LAPIC_NMI (acpi_id[0x43] high edge lint[0x1])
Feb  5 07:38:12 cu-cs-vm kernel: [    0.000000] ACPI: LAPIC_NMI (acpi_id[0x44] high edge lint[0x1])
Feb  5 07:38:12 cu-cs-vm kernel: [    0.000000] ACPI: LAPIC_NMI (acpi_id[0x45] high edge lint[0x1])
Feb  5 07:38:12 cu-cs-vm kernel: [    0.000000] ACPI: LAPIC_NMI (acpi_id[0x46] high edge lint[0x1])
Feb  5 07:38:12 cu-cs-vm kernel: [    0.000000] ACPI: LAPIC_NMI (acpi_id[0x47] high edge lint[0x1])
Feb  5 07:38:12 cu-cs-vm kernel: [    0.000000] ACPI: LAPIC_NMI (acpi_id[0x48] high edge lint[0x1])
Feb  5 07:38:12 cu-cs-vm kernel: [    0.000000] ACPI: LAPIC_NMI (acpi_id[0x49] high edge lint[0x1])
Feb  5 07:38:12 cu-cs-vm kernel: [    0.000000] ACPI: LAPIC_NMI (acpi_id[0x4a] high edge lint[0x1])
Feb  5 07:38:12 cu-cs-vm kernel: [    0.000000] ACPI: LAPIC_NMI (acpi_id[0x4b] high edge lint[0x1])
Feb  5 07:38:12 cu-cs-vm kernel: [    0.000000] ACPI: LAPIC_NMI (acpi_id[0x4c] high edge lint[0x1])
Feb  5 07:38:12 cu-cs-vm kernel: [    0.000000] ACPI: LAPIC_NMI (acpi_id[0x4d] high edge lint[0x1])
Feb  5 07:38:12 cu-cs-vm kernel: [    0.000000] ACPI: LAPIC_NMI (acpi_id[0x4e] high edge lint[0x1])
Feb  5 07:38:12 cu-cs-vm kernel: [    0.000000] ACPI: LAPIC_NMI (acpi_id[0x4f] high edge lint[0x1])
Feb  5 07:38:12 cu-cs-vm kernel: [    0.000000] ACPI: LAPIC_NMI (acpi_id[0x50] high edge lint[0x1])
Feb  5 07:38:12 cu-cs-vm kernel: [    0.000000] ACPI: LAPIC_NMI (acpi_id[0x51] high edge lint[0x1])
Feb  5 07:38:12 cu-cs-vm kernel: [    0.000000] ACPI: LAPIC_NMI (acpi_id[0x52] high edge lint[0x1])
Feb  5 07:38:12 cu-cs-vm kernel: [    0.000000] ACPI: LAPIC_NMI (acpi_id[0x53] high edge lint[0x1])
Feb  5 07:38:12 cu-cs-vm kernel: [    0.000000] ACPI: LAPIC_NMI (acpi_id[0x54] high edge lint[0x1])
Feb  5 07:38:12 cu-cs-vm kernel: [    0.000000] ACPI: LAPIC_NMI (acpi_id[0x55] high edge lint[0x1])
Feb  5 07:38:12 cu-cs-vm kernel: [    0.000000] ACPI: LAPIC_NMI (acpi_id[0x56] high edge lint[0x1])
Feb  5 07:38:12 cu-cs-vm kernel: [    0.000000] ACPI: LAPIC_NMI (acpi_id[0x57] high edge lint[0x1])
Feb  5 07:38:12 cu-cs-vm kernel: [    0.000000] ACPI: LAPIC_NMI (acpi_id[0x58] high edge lint[0x1])
Feb  5 07:38:12 cu-cs-vm kernel: [    0.000000] ACPI: LAPIC_NMI (acpi_id[0x59] high edge lint[0x1])
Feb  5 07:38:12 cu-cs-vm kernel: [    0.000000] ACPI: LAPIC_NMI (acpi_id[0x5a] high edge lint[0x1])
Feb  5 07:38:12 cu-cs-vm kernel: [    0.000000] ACPI: LAPIC_NMI (acpi_id[0x5b] high edge lint[0x1])
Feb  5 07:38:12 cu-cs-vm kernel: [    0.000000] ACPI: LAPIC_NMI (acpi_id[0x5c] high edge lint[0x1])
Feb  5 07:38:12 cu-cs-vm kernel: [    0.000000] ACPI: LAPIC_NMI (acpi_id[0x5d] high edge lint[0x1])
Feb  5 07:38:12 cu-cs-vm kernel: [    0.000000] ACPI: LAPIC_NMI (acpi_id[0x5e] high edge lint[0x1])
Feb  5 07:38:12 cu-cs-vm kernel: [    0.000000] ACPI: LAPIC_NMI (acpi_id[0x5f] high edge lint[0x1])
Feb  5 07:38:12 cu-cs-vm kernel: [    0.000000] ACPI: LAPIC_NMI (acpi_id[0x60] high edge lint[0x1])
Feb  5 07:38:12 cu-cs-vm kernel: [    0.000000] ACPI: LAPIC_NMI (acpi_id[0x61] high edge lint[0x1])
Feb  5 07:38:12 cu-cs-vm kernel: [    0.000000] ACPI: LAPIC_NMI (acpi_id[0x62] high edge lint[0x1])
Feb  5 07:38:12 cu-cs-vm kernel: [    0.000000] ACPI: LAPIC_NMI (acpi_id[0x63] high edge lint[0x1])
Feb  5 07:38:12 cu-cs-vm kernel: [    0.000000] ACPI: LAPIC_NMI (acpi_id[0x64] high edge lint[0x1])
Feb  5 07:38:12 cu-cs-vm kernel: [    0.000000] ACPI: LAPIC_NMI (acpi_id[0x65] high edge lint[0x1])
Feb  5 07:38:12 cu-cs-vm kernel: [    0.000000] ACPI: LAPIC_NMI (acpi_id[0x66] high edge lint[0x1])
Feb  5 07:38:12 cu-cs-vm kernel: [    0.000000] ACPI: LAPIC_NMI (acpi_id[0x67] high edge lint[0x1])
Feb  5 07:38:12 cu-cs-vm kernel: [    0.000000] ACPI: LAPIC_NMI (acpi_id[0x68] high edge lint[0x1])
Feb  5 07:38:12 cu-cs-vm kernel: [    0.000000] ACPI: LAPIC_NMI (acpi_id[0x69] high edge lint[0x1])
Feb  5 07:38:12 cu-cs-vm kernel: [    0.000000] ACPI: LAPIC_NMI (acpi_id[0x6a] high edge lint[0x1])
Feb  5 07:38:12 cu-cs-vm kernel: [    0.000000] ACPI: LAPIC_NMI (acpi_id[0x6b] high edge lint[0x1])
Feb  5 07:38:12 cu-cs-vm kernel: [    0.000000] ACPI: LAPIC_NMI (acpi_id[0x6c] high edge lint[0x1])
Feb  5 07:38:12 cu-cs-vm kernel: [    0.000000] ACPI: LAPIC_NMI (acpi_id[0x6d] high edge lint[0x1])
Feb  5 07:38:12 cu-cs-vm kernel: [    0.000000] ACPI: LAPIC_NMI (acpi_id[0x6e] high edge lint[0x1])
Feb  5 07:38:12 cu-cs-vm kernel: [    0.000000] ACPI: LAPIC_NMI (acpi_id[0x6f] high edge lint[0x1])
Feb  5 07:38:12 cu-cs-vm kernel: [    0.000000] ACPI: LAPIC_NMI (acpi_id[0x70] high edge lint[0x1])
Feb  5 07:38:12 cu-cs-vm kernel: [    0.000000] ACPI: LAPIC_NMI (acpi_id[0x71] high edge lint[0x1])
Feb  5 07:38:12 cu-cs-vm kernel: [    0.000000] ACPI: LAPIC_NMI (acpi_id[0x72] high edge lint[0x1])
Feb  5 07:38:12 cu-cs-vm kernel: [    0.000000] ACPI: LAPIC_NMI (acpi_id[0x73] high edge lint[0x1])
Feb  5 07:38:12 cu-cs-vm kernel: [    0.000000] ACPI: LAPIC_NMI (acpi_id[0x74] high edge lint[0x1])
Feb  5 07:38:12 cu-cs-vm kernel: [    0.000000] ACPI: LAPIC_NMI (acpi_id[0x75] high edge lint[0x1])
Feb  5 07:38:12 cu-cs-vm kernel: [    0.000000] ACPI: LAPIC_NMI (acpi_id[0x76] high edge lint[0x1])
Feb  5 07:38:12 cu-cs-vm kernel: [    0.000000] ACPI: LAPIC_NMI (acpi_id[0x77] high edge lint[0x1])
Feb  5 07:38:12 cu-cs-vm kernel: [    0.000000] ACPI: LAPIC_NMI (acpi_id[0x78] high edge lint[0x1])
Feb  5 07:38:12 cu-cs-vm kernel: [    0.000000] ACPI: LAPIC_NMI (acpi_id[0x79] high edge lint[0x1])
Feb  5 07:38:12 cu-cs-vm kernel: [    0.000000] ACPI: LAPIC_NMI (acpi_id[0x7a] high edge lint[0x1])
Feb  5 07:38:12 cu-cs-vm kernel: [    0.000000] ACPI: LAPIC_NMI (acpi_id[0x7b] high edge lint[0x1])
Feb  5 07:38:12 cu-cs-vm kernel: [    0.000000] ACPI: LAPIC_NMI (acpi_id[0x7c] high edge lint[0x1])
Feb  5 07:38:12 cu-cs-vm kernel: [    0.000000] ACPI: LAPIC_NMI (acpi_id[0x7d] high edge lint[0x1])
Feb  5 07:38:12 cu-cs-vm kernel: [    0.000000] ACPI: LAPIC_NMI (acpi_id[0x7e] high edge lint[0x1])
Feb  5 07:38:12 cu-cs-vm kernel: [    0.000000] ACPI: LAPIC_NMI (acpi_id[0x7f] high edge lint[0x1])
Feb  5 07:38:12 cu-cs-vm kernel: [    0.000000] IOAPIC[0]: apic_id 1, version 17, address 0xfec00000, GSI 0-23
Feb  5 07:38:12 cu-cs-vm kernel: [    0.000000] ACPI: INT_SRC_OVR (bus 0 bus_irq 0 global_irq 2 high edge)
Feb  5 07:38:12 cu-cs-vm kernel: [    0.000000] ACPI: IRQ0 used by override.
Feb  5 07:38:12 cu-cs-vm kernel: [    0.000000] ACPI: IRQ9 used by override.
Feb  5 07:38:12 cu-cs-vm kernel: [    0.000000] Using ACPI (MADT) for SMP configuration information
Feb  5 07:38:12 cu-cs-vm kernel: [    0.000000] smpboot: Allowing 128 CPUs, 124 hotplug CPUs
Feb  5 07:38:12 cu-cs-vm kernel: [    0.000000] PM: Registered nosave memory: [mem 0x00000000-0x00000fff]
Feb  5 07:38:12 cu-cs-vm kernel: [    0.000000] PM: Registered nosave memory: [mem 0x0009e000-0x0009efff]
Feb  5 07:38:12 cu-cs-vm kernel: [    0.000000] PM: Registered nosave memory: [mem 0x0009f000-0x0009ffff]
Feb  5 07:38:12 cu-cs-vm kernel: [    0.000000] PM: Registered nosave memory: [mem 0x000a0000-0x000dbfff]
Feb  5 07:38:12 cu-cs-vm kernel: [    0.000000] PM: Registered nosave memory: [mem 0x000dc000-0x000fffff]
Feb  5 07:38:12 cu-cs-vm kernel: [    0.000000] PM: Registered nosave memory: [mem 0xbfed0000-0xbfefefff]
Feb  5 07:38:12 cu-cs-vm kernel: [    0.000000] PM: Registered nosave memory: [mem 0xbfeff000-0xbfefffff]
Feb  5 07:38:12 cu-cs-vm kernel: [    0.000000] PM: Registered nosave memory: [mem 0xc0000000-0xefffffff]
Feb  5 07:38:12 cu-cs-vm kernel: [    0.000000] PM: Registered nosave memory: [mem 0xf0000000-0xf7ffffff]
Feb  5 07:38:12 cu-cs-vm kernel: [    0.000000] PM: Registered nosave memory: [mem 0xf8000000-0xfebfffff]
Feb  5 07:38:12 cu-cs-vm kernel: [    0.000000] PM: Registered nosave memory: [mem 0xfec00000-0xfec0ffff]
Feb  5 07:38:12 cu-cs-vm kernel: [    0.000000] PM: Registered nosave memory: [mem 0xfec10000-0xfedfffff]
Feb  5 07:38:12 cu-cs-vm kernel: [    0.000000] PM: Registered nosave memory: [mem 0xfee00000-0xfee00fff]
Feb  5 07:38:12 cu-cs-vm kernel: [    0.000000] PM: Registered nosave memory: [mem 0xfee01000-0xfffdffff]
Feb  5 07:38:12 cu-cs-vm kernel: [    0.000000] PM: Registered nosave memory: [mem 0xfffe0000-0xffffffff]
Feb  5 07:38:12 cu-cs-vm kernel: [    0.000000] e820: [mem 0xc0000000-0xefffffff] available for PCI devices
Feb  5 07:38:12 cu-cs-vm kernel: [    0.000000] Booting paravirtualized kernel on VMware hypervisor
Feb  5 07:38:12 cu-cs-vm kernel: [    0.000000] clocksource: refined-jiffies: mask: 0xffffffff max_cycles: 0xffffffff, max_idle_ns: 7645519600211568 ns
Feb  5 07:38:12 cu-cs-vm kernel: [    0.000000] random: get_random_bytes called from start_kernel+0x99/0x51d with crng_init=0
Feb  5 07:38:12 cu-cs-vm kernel: [    0.000000] setup_percpu: NR_CPUS:8192 nr_cpumask_bits:128 nr_cpu_ids:128 nr_node_ids:1
Feb  5 07:38:12 cu-cs-vm kernel: [    0.000000] percpu: Embedded 45 pages/cpu s147456 r8192 d28672 u262144
Feb  5 07:38:12 cu-cs-vm kernel: [    0.000000] pcpu-alloc: s147456 r8192 d28672 u262144 alloc=1*2097152
Feb  5 07:38:12 cu-cs-vm kernel: [    0.000000] pcpu-alloc: [0] 000 001 002 003 004 005 006 007 
Feb  5 07:38:12 cu-cs-vm kernel: [    0.000000] pcpu-alloc: [0] 008 009 010 011 012 013 014 015 
Feb  5 07:38:12 cu-cs-vm kernel: [    0.000000] pcpu-alloc: [0] 016 017 018 019 020 021 022 023 
Feb  5 07:38:12 cu-cs-vm kernel: [    0.000000] pcpu-alloc: [0] 024 025 026 027 028 029 030 031 
Feb  5 07:38:12 cu-cs-vm kernel: [    0.000000] pcpu-alloc: [0] 032 033 034 035 036 037 038 039 
Feb  5 07:38:12 cu-cs-vm kernel: [    0.000000] pcpu-alloc: [0] 040 041 042 043 044 045 046 047 
Feb  5 07:38:12 cu-cs-vm kernel: [    0.000000] pcpu-alloc: [0] 048 049 050 051 052 053 054 055 
Feb  5 07:38:12 cu-cs-vm kernel: [    0.000000] pcpu-alloc: [0] 056 057 058 059 060 061 062 063 
Feb  5 07:38:12 cu-cs-vm kernel: [    0.000000] pcpu-alloc: [0] 064 065 066 067 068 069 070 071 
Feb  5 07:38:12 cu-cs-vm kernel: [    0.000000] pcpu-alloc: [0] 072 073 074 075 076 077 078 079 
Feb  5 07:38:12 cu-cs-vm kernel: [    0.000000] pcpu-alloc: [0] 080 081 082 083 084 085 086 087 
Feb  5 07:38:12 cu-cs-vm kernel: [    0.000000] pcpu-alloc: [0] 088 089 090 091 092 093 094 095 
Feb  5 07:38:12 cu-cs-vm kernel: [    0.000000] pcpu-alloc: [0] 096 097 098 099 100 101 102 103 
Feb  5 07:38:12 cu-cs-vm kernel: [    0.000000] pcpu-alloc: [0] 104 105 106 107 108 109 110 111 
Feb  5 07:38:12 cu-cs-vm kernel: [    0.000000] pcpu-alloc: [0] 112 113 114 115 116 117 118 119 
Feb  5 07:38:12 cu-cs-vm kernel: [    0.000000] pcpu-alloc: [0] 120 121 122 123 124 125 126 127 
Feb  5 07:38:12 cu-cs-vm kernel: [    0.000000] Built 1 zonelists, mobility grouping on.  Total pages: 1007832
Feb  5 07:38:12 cu-cs-vm kernel: [    0.000000] Policy zone: Normal
Feb  5 07:38:12 cu-cs-vm kernel: [    0.000000] Kernel command line: BOOT_IMAGE=/boot/vmlinuz-4.15.18qiuyangfu root=UUID=a7adc8c1-e02a-478b-93ad-c06e060e0176 ro
Feb  5 07:38:12 cu-cs-vm kernel: [    0.000000] log_buf_len individual max cpu contribution: 4096 bytes
Feb  5 07:38:12 cu-cs-vm kernel: [    0.000000] log_buf_len total cpu_extra contributions: 520192 bytes
Feb  5 07:38:12 cu-cs-vm kernel: [    0.000000] log_buf_len min size: 262144 bytes
Feb  5 07:38:12 cu-cs-vm kernel: [    0.000000] log_buf_len: 1048576 bytes
Feb  5 07:38:12 cu-cs-vm kernel: [    0.000000] early log buf free: 235824(89%)
Feb  5 07:38:12 cu-cs-vm kernel: [    0.000000] Calgary: detecting Calgary via BIOS EBDA area
Feb  5 07:38:12 cu-cs-vm kernel: [    0.000000] Calgary: Unable to locate Rio Grande table in EBDA - bailing!
Feb  5 07:38:12 cu-cs-vm kernel: [    0.000000] Memory: 3467156K/4095412K available (12300K kernel code, 2480K rwdata, 4132K rodata, 2428K init, 2704K bss, 628256K reserved, 0K cma-reserved)
Feb  5 07:38:12 cu-cs-vm kernel: [    0.000000] SLUB: HWalign=64, Order=0-3, MinObjects=0, CPUs=128, Nodes=1
Feb  5 07:38:12 cu-cs-vm kernel: [    0.000000] Kernel/User page tables isolation: enabled
Feb  5 07:38:12 cu-cs-vm kernel: [    0.000000] ftrace: allocating 39201 entries in 154 pages
Feb  5 07:38:12 cu-cs-vm kernel: [    0.004000] Hierarchical RCU implementation.
Feb  5 07:38:12 cu-cs-vm kernel: [    0.004000] 	RCU restricting CPUs from NR_CPUS=8192 to nr_cpu_ids=128.
Feb  5 07:38:12 cu-cs-vm kernel: [    0.004000] 	Tasks RCU enabled.
Feb  5 07:38:12 cu-cs-vm kernel: [    0.004000] RCU: Adjusting geometry for rcu_fanout_leaf=16, nr_cpu_ids=128
Feb  5 07:38:12 cu-cs-vm kernel: [    0.004000] NR_IRQS: 524544, nr_irqs: 1448, preallocated irqs: 16
Feb  5 07:38:12 cu-cs-vm kernel: [    0.004000] Console: colour VGA+ 80x25
Feb  5 07:38:12 cu-cs-vm kernel: [    0.004000] console [tty0] enabled
Feb  5 07:38:12 cu-cs-vm kernel: [    0.004000] ACPI: Core revision 20170831
Feb  5 07:38:12 cu-cs-vm kernel: [    0.004000] ACPI: 1 ACPI AML tables successfully acquired and loaded
Feb  5 07:38:12 cu-cs-vm kernel: [    0.004000] APIC: Switch to symmetric I/O mode setup
Feb  5 07:38:12 cu-cs-vm kernel: [    0.004000] x2apic enabled
Feb  5 07:38:12 cu-cs-vm kernel: [    0.004000] Switched APIC routing to physical x2apic.
Feb  5 07:38:12 cu-cs-vm kernel: [    0.004000] tsc: Detected 2592.026 MHz processor
Feb  5 07:38:12 cu-cs-vm kernel: [    0.004000] Calibrating delay loop (skipped) preset value.. 5184.05 BogoMIPS (lpj=10368104)
Feb  5 07:38:12 cu-cs-vm kernel: [    0.004000] pid_max: default: 131072 minimum: 1024
Feb  5 07:38:12 cu-cs-vm kernel: [    0.004000] Security Framework initialized
Feb  5 07:38:12 cu-cs-vm kernel: [    0.004000] Yama: becoming mindful.
Feb  5 07:38:12 cu-cs-vm kernel: [    0.004000] AppArmor: AppArmor initialized
Feb  5 07:38:12 cu-cs-vm kernel: [    0.004000] Dentry cache hash table entries: 524288 (order: 10, 4194304 bytes)
Feb  5 07:38:12 cu-cs-vm kernel: [    0.004000] Inode-cache hash table entries: 262144 (order: 9, 2097152 bytes)
Feb  5 07:38:12 cu-cs-vm kernel: [    0.004000] Mount-cache hash table entries: 8192 (order: 4, 65536 bytes)
Feb  5 07:38:12 cu-cs-vm kernel: [    0.004000] Mountpoint-cache hash table entries: 8192 (order: 4, 65536 bytes)
Feb  5 07:38:12 cu-cs-vm kernel: [    0.004000] Disabled fast string operations
Feb  5 07:38:12 cu-cs-vm kernel: [    0.004000] Last level iTLB entries: 4KB 64, 2MB 8, 4MB 8
Feb  5 07:38:12 cu-cs-vm kernel: [    0.004000] Last level dTLB entries: 4KB 64, 2MB 0, 4MB 0, 1GB 4
Feb  5 07:38:12 cu-cs-vm kernel: [    0.004000] Spectre V1 : Mitigation: usercopy/swapgs barriers and __user pointer sanitization
Feb  5 07:38:12 cu-cs-vm kernel: [    0.004000] Spectre V2 : Mitigation: Full generic retpoline
Feb  5 07:38:12 cu-cs-vm kernel: [    0.004000] Spectre V2 : Spectre v2 / SpectreRSB mitigation: Filling RSB on context switch
Feb  5 07:38:12 cu-cs-vm kernel: [    0.004000] Spectre V2 : Enabling Restricted Speculation for firmware calls
Feb  5 07:38:12 cu-cs-vm kernel: [    0.004000] Spectre V2 : mitigation: Enabling conditional Indirect Branch Prediction Barrier
Feb  5 07:38:12 cu-cs-vm kernel: [    0.004000] Speculative Store Bypass: Mitigation: Speculative Store Bypass disabled via prctl and seccomp
Feb  5 07:38:12 cu-cs-vm kernel: [    0.004000] MDS: Mitigation: Clear CPU buffers
Feb  5 07:38:12 cu-cs-vm kernel: [    0.004000] Freeing SMP alternatives memory: 36K
Feb  5 07:38:12 cu-cs-vm kernel: [    0.004000] TSC deadline timer enabled
Feb  5 07:38:12 cu-cs-vm kernel: [    0.004000] smpboot: CPU0: Intel(R) Core(TM) i7-8850H CPU @ 2.60GHz (family: 0x6, model: 0x9e, stepping: 0xa)
Feb  5 07:38:12 cu-cs-vm kernel: [    0.004000] Performance Events: Skylake events, core PMU driver.
Feb  5 07:38:12 cu-cs-vm kernel: [    0.004000] core: CPUID marked event: 'cpu cycles' unavailable
Feb  5 07:38:12 cu-cs-vm kernel: [    0.004000] core: CPUID marked event: 'instructions' unavailable
Feb  5 07:38:12 cu-cs-vm kernel: [    0.004000] core: CPUID marked event: 'bus cycles' unavailable
Feb  5 07:38:12 cu-cs-vm kernel: [    0.004000] core: CPUID marked event: 'cache references' unavailable
Feb  5 07:38:12 cu-cs-vm kernel: [    0.004000] core: CPUID marked event: 'cache misses' unavailable
Feb  5 07:38:12 cu-cs-vm kernel: [    0.004000] core: CPUID marked event: 'branch instructions' unavailable
Feb  5 07:38:12 cu-cs-vm kernel: [    0.004000] core: CPUID marked event: 'branch misses' unavailable
Feb  5 07:38:12 cu-cs-vm kernel: [    0.004000] ... version:                1
Feb  5 07:38:12 cu-cs-vm kernel: [    0.004000] ... bit width:              48
Feb  5 07:38:12 cu-cs-vm kernel: [    0.004000] ... generic registers:      4
Feb  5 07:38:12 cu-cs-vm kernel: [    0.004000] ... value mask:             0000ffffffffffff
Feb  5 07:38:12 cu-cs-vm kernel: [    0.004000] ... max period:             000000007fffffff
Feb  5 07:38:12 cu-cs-vm kernel: [    0.004000] ... fixed-purpose events:   0
Feb  5 07:38:12 cu-cs-vm kernel: [    0.004000] ... event mask:             000000000000000f
Feb  5 07:38:12 cu-cs-vm kernel: [    0.004000] Hierarchical SRCU implementation.
Feb  5 07:38:12 cu-cs-vm kernel: [    0.004000] NMI watchdog: Perf event create on CPU 0 failed with -2
Feb  5 07:38:12 cu-cs-vm kernel: [    0.004000] NMI watchdog: Perf NMI watchdog permanently disabled
Feb  5 07:38:12 cu-cs-vm kernel: [    0.025606] smp: Bringing up secondary CPUs ...
Feb  5 07:38:12 cu-cs-vm kernel: [    0.026319] x86: Booting SMP configuration:
Feb  5 07:38:12 cu-cs-vm kernel: [    0.026399] .... node  #0, CPUs:          #1
Feb  5 07:38:12 cu-cs-vm kernel: [    0.004000] Disabled fast string operations
Feb  5 07:38:12 cu-cs-vm kernel: [    0.004000] smpboot: CPU 1 Converting physical 2 to logical package 1
Feb  5 07:38:12 cu-cs-vm kernel: [    0.027158]    #2
Feb  5 07:38:12 cu-cs-vm kernel: [    0.004000] Disabled fast string operations
Feb  5 07:38:12 cu-cs-vm kernel: [    0.004000] smpboot: CPU 2 Converting physical 4 to logical package 2
Feb  5 07:38:12 cu-cs-vm kernel: [    0.028958]    #3
Feb  5 07:38:12 cu-cs-vm kernel: [    0.004000] Disabled fast string operations
Feb  5 07:38:12 cu-cs-vm kernel: [    0.004000] smpboot: CPU 3 Converting physical 6 to logical package 3
Feb  5 07:38:12 cu-cs-vm kernel: [    0.030061] smp: Brought up 1 node, 4 CPUs
Feb  5 07:38:12 cu-cs-vm kernel: [    0.030061] smpboot: Max logical packages: 128
Feb  5 07:38:12 cu-cs-vm kernel: [    0.030061] smpboot: Total of 4 processors activated (20736.20 BogoMIPS)
Feb  5 07:38:12 cu-cs-vm kernel: [    0.032478] devtmpfs: initialized
Feb  5 07:38:12 cu-cs-vm kernel: [    0.032478] x86/mm: Memory block size: 128MB
Feb  5 07:38:12 cu-cs-vm kernel: [    0.032507] evm: security.selinux
Feb  5 07:38:12 cu-cs-vm kernel: [    0.032533] evm: security.SMACK64
Feb  5 07:38:12 cu-cs-vm kernel: [    0.032556] evm: security.SMACK64EXEC
Feb  5 07:38:12 cu-cs-vm kernel: [    0.032581] evm: security.SMACK64TRANSMUTE
Feb  5 07:38:12 cu-cs-vm kernel: [    0.032608] evm: security.SMACK64MMAP
Feb  5 07:38:12 cu-cs-vm kernel: [    0.032632] evm: security.apparmor
Feb  5 07:38:12 cu-cs-vm kernel: [    0.032656] evm: security.ima
Feb  5 07:38:12 cu-cs-vm kernel: [    0.032677] evm: security.capability
Feb  5 07:38:12 cu-cs-vm kernel: [    0.032829] PM: Registering ACPI NVS region [mem 0xbfeff000-0xbfefffff] (4096 bytes)
Feb  5 07:38:12 cu-cs-vm kernel: [    0.032829] clocksource: jiffies: mask: 0xffffffff max_cycles: 0xffffffff, max_idle_ns: 7645041785100000 ns
Feb  5 07:38:12 cu-cs-vm kernel: [    0.032829] futex hash table entries: 32768 (order: 9, 2097152 bytes)
Feb  5 07:38:12 cu-cs-vm kernel: [    0.032980] pinctrl core: initialized pinctrl subsystem
Feb  5 07:38:12 cu-cs-vm kernel: [    0.033257] RTC time: 14:38:03, date: 02/05/20
Feb  5 07:38:12 cu-cs-vm kernel: [    0.036560] NET: Registered protocol family 16
Feb  5 07:38:12 cu-cs-vm kernel: [    0.036681] audit: initializing netlink subsys (disabled)
Feb  5 07:38:12 cu-cs-vm kernel: [    0.036877] audit: type=2000 audit(1580913483.036:1): state=initialized audit_enabled=0 res=1
Feb  5 07:38:12 cu-cs-vm kernel: [    0.036877] cpuidle: using governor ladder
Feb  5 07:38:12 cu-cs-vm kernel: [    0.036877] cpuidle: using governor menu
Feb  5 07:38:12 cu-cs-vm kernel: [    0.036877] Simple Boot Flag at 0x36 set to 0x80
Feb  5 07:38:12 cu-cs-vm kernel: [    0.036877] ACPI: bus type PCI registered
Feb  5 07:38:12 cu-cs-vm kernel: [    0.036877] acpiphp: ACPI Hot Plug PCI Controller Driver version: 0.5
Feb  5 07:38:12 cu-cs-vm kernel: [    0.036877] PCI: MMCONFIG for domain 0000 [bus 00-7f] at [mem 0xf0000000-0xf7ffffff] (base 0xf0000000)
Feb  5 07:38:12 cu-cs-vm kernel: [    0.036877] PCI: MMCONFIG at [mem 0xf0000000-0xf7ffffff] reserved in E820
Feb  5 07:38:12 cu-cs-vm kernel: [    0.036877] PCI: Using configuration type 1 for base access
Feb  5 07:38:12 cu-cs-vm kernel: [    0.040345] HugeTLB registered 1.00 GiB page size, pre-allocated 0 pages
Feb  5 07:38:12 cu-cs-vm kernel: [    0.040345] HugeTLB registered 2.00 MiB page size, pre-allocated 0 pages
Feb  5 07:38:12 cu-cs-vm kernel: [    0.040345] ACPI: Added _OSI(Module Device)
Feb  5 07:38:12 cu-cs-vm kernel: [    0.040345] ACPI: Added _OSI(Processor Device)
Feb  5 07:38:12 cu-cs-vm kernel: [    0.040345] ACPI: Added _OSI(3.0 _SCP Extensions)
Feb  5 07:38:12 cu-cs-vm kernel: [    0.040345] ACPI: Added _OSI(Processor Aggregator Device)
Feb  5 07:38:12 cu-cs-vm kernel: [    0.040345] ACPI: Added _OSI(Linux-Dell-Video)
Feb  5 07:38:12 cu-cs-vm kernel: [    0.040345] ACPI: Added _OSI(Linux-Lenovo-NV-HDMI-Audio)
Feb  5 07:38:12 cu-cs-vm kernel: [    0.040345] ACPI: Added _OSI(Linux-HPI-Hybrid-Graphics)
Feb  5 07:38:12 cu-cs-vm kernel: [    0.047473] ACPI: [Firmware Bug]: BIOS _OSI(Linux) query ignored
Feb  5 07:38:12 cu-cs-vm kernel: [    0.069756] ACPI: Interpreter enabled
Feb  5 07:38:12 cu-cs-vm kernel: [    0.069805] ACPI: (supports S0 S1 S4 S5)
Feb  5 07:38:12 cu-cs-vm kernel: [    0.069833] ACPI: Using IOAPIC for interrupt routing
Feb  5 07:38:12 cu-cs-vm kernel: [    0.069909] PCI: Using host bridge windows from ACPI; if necessary, use "pci=nocrs" and report a bug
Feb  5 07:38:12 cu-cs-vm kernel: [    0.072000] ACPI: Enabled 4 GPEs in block 00 to 0F
Feb  5 07:38:12 cu-cs-vm kernel: [    0.313001] ACPI: PCI Root Bridge [PCI0] (domain 0000 [bus 00-7f])
Feb  5 07:38:12 cu-cs-vm kernel: [    0.313050] acpi PNP0A03:00: _OSC: OS supports [ExtendedConfig ASPM ClockPM Segments MSI]
Feb  5 07:38:12 cu-cs-vm kernel: [    0.313305] acpi PNP0A03:00: _OSC: platform does not support [AER]
Feb  5 07:38:12 cu-cs-vm kernel: [    0.313537] acpi PNP0A03:00: _OSC: OS now controls [PCIeHotplug PME PCIeCapability]
Feb  5 07:38:12 cu-cs-vm kernel: [    0.315782] PCI host bridge to bus 0000:00
Feb  5 07:38:12 cu-cs-vm kernel: [    0.315813] pci_bus 0000:00: root bus resource [mem 0x000a0000-0x000bffff window]
Feb  5 07:38:12 cu-cs-vm kernel: [    0.315858] pci_bus 0000:00: root bus resource [mem 0x000cc000-0x000cffff window]
Feb  5 07:38:12 cu-cs-vm kernel: [    0.315902] pci_bus 0000:00: root bus resource [mem 0x000d0000-0x000d3fff window]
Feb  5 07:38:12 cu-cs-vm kernel: [    0.315947] pci_bus 0000:00: root bus resource [mem 0x000d4000-0x000d7fff window]
Feb  5 07:38:12 cu-cs-vm kernel: [    0.315992] pci_bus 0000:00: root bus resource [mem 0x000d8000-0x000dbfff window]
Feb  5 07:38:12 cu-cs-vm kernel: [    0.316002] pci_bus 0000:00: root bus resource [mem 0xc0000000-0xfebfffff window]
Feb  5 07:38:12 cu-cs-vm kernel: [    0.316048] pci_bus 0000:00: root bus resource [io  0x0000-0x0cf7 window]
Feb  5 07:38:12 cu-cs-vm kernel: [    0.316087] pci_bus 0000:00: root bus resource [io  0x0d00-0xfeff window]
Feb  5 07:38:12 cu-cs-vm kernel: [    0.316127] pci_bus 0000:00: root bus resource [bus 00-7f]
Feb  5 07:38:12 cu-cs-vm kernel: [    0.316221] pci 0000:00:00.0: [8086:7190] type 00 class 0x060000
Feb  5 07:38:12 cu-cs-vm kernel: [    0.317089] pci 0000:00:01.0: [8086:7191] type 01 class 0x060400
Feb  5 07:38:12 cu-cs-vm kernel: [    0.317819] pci 0000:00:07.0: [8086:7110] type 00 class 0x060100
Feb  5 07:38:12 cu-cs-vm kernel: [    0.318928] pci 0000:00:07.1: [8086:7111] type 00 class 0x01018a
Feb  5 07:38:12 cu-cs-vm kernel: [    0.320687] pci 0000:00:07.1: reg 0x20: [io  0x1060-0x106f]
Feb  5 07:38:12 cu-cs-vm kernel: [    0.321202] pci 0000:00:07.1: legacy IDE quirk: reg 0x10: [io  0x01f0-0x01f7]
Feb  5 07:38:12 cu-cs-vm kernel: [    0.321251] pci 0000:00:07.1: legacy IDE quirk: reg 0x14: [io  0x03f6]
Feb  5 07:38:12 cu-cs-vm kernel: [    0.321290] pci 0000:00:07.1: legacy IDE quirk: reg 0x18: [io  0x0170-0x0177]
Feb  5 07:38:12 cu-cs-vm kernel: [    0.321331] pci 0000:00:07.1: legacy IDE quirk: reg 0x1c: [io  0x0376]
Feb  5 07:38:12 cu-cs-vm kernel: [    0.321673] pci 0000:00:07.3: [8086:7113] type 00 class 0x068000
Feb  5 07:38:12 cu-cs-vm kernel: [    0.323243] pci 0000:00:07.3: quirk: [io  0x1000-0x103f] claimed by PIIX4 ACPI
Feb  5 07:38:12 cu-cs-vm kernel: [    0.323303] pci 0000:00:07.3: quirk: [io  0x1040-0x104f] claimed by PIIX4 SMB
Feb  5 07:38:12 cu-cs-vm kernel: [    0.323722] pci 0000:00:07.7: [15ad:0740] type 00 class 0x088000
Feb  5 07:38:12 cu-cs-vm kernel: [    0.324350] pci 0000:00:07.7: reg 0x10: [io  0x1080-0x10bf]
Feb  5 07:38:12 cu-cs-vm kernel: [    0.324983] pci 0000:00:07.7: reg 0x14: [mem 0xfebfe000-0xfebfffff 64bit]
Feb  5 07:38:12 cu-cs-vm kernel: [    0.327762] pci 0000:00:0f.0: [15ad:0405] type 00 class 0x030000
Feb  5 07:38:12 cu-cs-vm kernel: [    0.328741] pci 0000:00:0f.0: reg 0x10: [io  0x1070-0x107f]
Feb  5 07:38:12 cu-cs-vm kernel: [    0.330509] pci 0000:00:0f.0: reg 0x14: [mem 0xe8000000-0xefffffff pref]
Feb  5 07:38:12 cu-cs-vm kernel: [    0.332022] pci 0000:00:0f.0: reg 0x18: [mem 0xfe000000-0xfe7fffff]
Feb  5 07:38:12 cu-cs-vm kernel: [    0.338101] pci 0000:00:0f.0: reg 0x30: [mem 0x00000000-0x00007fff pref]
Feb  5 07:38:12 cu-cs-vm kernel: [    0.338674] pci 0000:00:10.0: [1000:0030] type 00 class 0x010000
Feb  5 07:38:12 cu-cs-vm kernel: [    0.339563] pci 0000:00:10.0: reg 0x10: [io  0x1400-0x14ff]
Feb  5 07:38:12 cu-cs-vm kernel: [    0.340409] pci 0000:00:10.0: reg 0x14: [mem 0xfeba0000-0xfebbffff 64bit]
Feb  5 07:38:12 cu-cs-vm kernel: [    0.341230] pci 0000:00:10.0: reg 0x1c: [mem 0xfebc0000-0xfebdffff 64bit]
Feb  5 07:38:12 cu-cs-vm kernel: [    0.342820] pci 0000:00:10.0: reg 0x30: [mem 0x00000000-0x00003fff pref]
Feb  5 07:38:12 cu-cs-vm kernel: [    0.343283] pci 0000:00:11.0: [15ad:0790] type 01 class 0x060401
Feb  5 07:38:12 cu-cs-vm kernel: [    0.344215] pci 0000:00:15.0: [15ad:07a0] type 01 class 0x060400
Feb  5 07:38:12 cu-cs-vm kernel: [    0.345159] pci 0000:00:15.0: PME# supported from D0 D3hot D3cold
Feb  5 07:38:12 cu-cs-vm kernel: [    0.345518] pci 0000:00:15.1: [15ad:07a0] type 01 class 0x060400
Feb  5 07:38:12 cu-cs-vm kernel: [    0.346459] pci 0000:00:15.1: PME# supported from D0 D3hot D3cold
Feb  5 07:38:12 cu-cs-vm kernel: [    0.346827] pci 0000:00:15.2: [15ad:07a0] type 01 class 0x060400
Feb  5 07:38:12 cu-cs-vm kernel: [    0.347782] pci 0000:00:15.2: PME# supported from D0 D3hot D3cold
Feb  5 07:38:12 cu-cs-vm kernel: [    0.348148] pci 0000:00:15.3: [15ad:07a0] type 01 class 0x060400
Feb  5 07:38:12 cu-cs-vm kernel: [    0.349099] pci 0000:00:15.3: PME# supported from D0 D3hot D3cold
Feb  5 07:38:12 cu-cs-vm kernel: [    0.349456] pci 0000:00:15.4: [15ad:07a0] type 01 class 0x060400
Feb  5 07:38:12 cu-cs-vm kernel: [    0.350407] pci 0000:00:15.4: PME# supported from D0 D3hot D3cold
Feb  5 07:38:12 cu-cs-vm kernel: [    0.350767] pci 0000:00:15.5: [15ad:07a0] type 01 class 0x060400
Feb  5 07:38:12 cu-cs-vm kernel: [    0.351719] pci 0000:00:15.5: PME# supported from D0 D3hot D3cold
Feb  5 07:38:12 cu-cs-vm kernel: [    0.352077] pci 0000:00:15.6: [15ad:07a0] type 01 class 0x060400
Feb  5 07:38:12 cu-cs-vm kernel: [    0.353028] pci 0000:00:15.6: PME# supported from D0 D3hot D3cold
Feb  5 07:38:12 cu-cs-vm kernel: [    0.353385] pci 0000:00:15.7: [15ad:07a0] type 01 class 0x060400
Feb  5 07:38:12 cu-cs-vm kernel: [    0.354333] pci 0000:00:15.7: PME# supported from D0 D3hot D3cold
Feb  5 07:38:12 cu-cs-vm kernel: [    0.354705] pci 0000:00:16.0: [15ad:07a0] type 01 class 0x060400
Feb  5 07:38:12 cu-cs-vm kernel: [    0.355651] pci 0000:00:16.0: PME# supported from D0 D3hot D3cold
Feb  5 07:38:12 cu-cs-vm kernel: [    0.356053] pci 0000:00:16.1: [15ad:07a0] type 01 class 0x060400
Feb  5 07:38:12 cu-cs-vm kernel: [    0.356998] pci 0000:00:16.1: PME# supported from D0 D3hot D3cold
Feb  5 07:38:12 cu-cs-vm kernel: [    0.357352] pci 0000:00:16.2: [15ad:07a0] type 01 class 0x060400
Feb  5 07:38:12 cu-cs-vm kernel: [    0.358300] pci 0000:00:16.2: PME# supported from D0 D3hot D3cold
Feb  5 07:38:12 cu-cs-vm kernel: [    0.358667] pci 0000:00:16.3: [15ad:07a0] type 01 class 0x060400
Feb  5 07:38:12 cu-cs-vm kernel: [    0.359618] pci 0000:00:16.3: PME# supported from D0 D3hot D3cold
Feb  5 07:38:12 cu-cs-vm kernel: [    0.359974] pci 0000:00:16.4: [15ad:07a0] type 01 class 0x060400
Feb  5 07:38:12 cu-cs-vm kernel: [    0.360905] pci 0000:00:16.4: PME# supported from D0 D3hot D3cold
Feb  5 07:38:12 cu-cs-vm kernel: [    0.361258] pci 0000:00:16.5: [15ad:07a0] type 01 class 0x060400
Feb  5 07:38:12 cu-cs-vm kernel: [    0.362194] pci 0000:00:16.5: PME# supported from D0 D3hot D3cold
Feb  5 07:38:12 cu-cs-vm kernel: [    0.362546] pci 0000:00:16.6: [15ad:07a0] type 01 class 0x060400
Feb  5 07:38:12 cu-cs-vm kernel: [    0.363492] pci 0000:00:16.6: PME# supported from D0 D3hot D3cold
Feb  5 07:38:12 cu-cs-vm kernel: [    0.363849] pci 0000:00:16.7: [15ad:07a0] type 01 class 0x060400
Feb  5 07:38:12 cu-cs-vm kernel: [    0.364785] pci 0000:00:16.7: PME# supported from D0 D3hot D3cold
Feb  5 07:38:12 cu-cs-vm kernel: [    0.365152] pci 0000:00:17.0: [15ad:07a0] type 01 class 0x060400
Feb  5 07:38:12 cu-cs-vm kernel: [    0.366085] pci 0000:00:17.0: PME# supported from D0 D3hot D3cold
Feb  5 07:38:12 cu-cs-vm kernel: [    0.366439] pci 0000:00:17.1: [15ad:07a0] type 01 class 0x060400
Feb  5 07:38:12 cu-cs-vm kernel: [    0.367385] pci 0000:00:17.1: PME# supported from D0 D3hot D3cold
Feb  5 07:38:12 cu-cs-vm kernel: [    0.367736] pci 0000:00:17.2: [15ad:07a0] type 01 class 0x060400
Feb  5 07:38:12 cu-cs-vm kernel: [    0.368684] pci 0000:00:17.2: PME# supported from D0 D3hot D3cold
Feb  5 07:38:12 cu-cs-vm kernel: [    0.369046] pci 0000:00:17.3: [15ad:07a0] type 01 class 0x060400
Feb  5 07:38:12 cu-cs-vm kernel: [    0.369995] pci 0000:00:17.3: PME# supported from D0 D3hot D3cold
Feb  5 07:38:12 cu-cs-vm kernel: [    0.370351] pci 0000:00:17.4: [15ad:07a0] type 01 class 0x060400
Feb  5 07:38:12 cu-cs-vm kernel: [    0.371296] pci 0000:00:17.4: PME# supported from D0 D3hot D3cold
Feb  5 07:38:12 cu-cs-vm kernel: [    0.371651] pci 0000:00:17.5: [15ad:07a0] type 01 class 0x060400
Feb  5 07:38:12 cu-cs-vm kernel: [    0.372582] pci 0000:00:17.5: PME# supported from D0 D3hot D3cold
Feb  5 07:38:12 cu-cs-vm kernel: [    0.372939] pci 0000:00:17.6: [15ad:07a0] type 01 class 0x060400
Feb  5 07:38:12 cu-cs-vm kernel: [    0.373887] pci 0000:00:17.6: PME# supported from D0 D3hot D3cold
Feb  5 07:38:12 cu-cs-vm kernel: [    0.374244] pci 0000:00:17.7: [15ad:07a0] type 01 class 0x060400
Feb  5 07:38:12 cu-cs-vm kernel: [    0.375190] pci 0000:00:17.7: PME# supported from D0 D3hot D3cold
Feb  5 07:38:12 cu-cs-vm kernel: [    0.375547] pci 0000:00:18.0: [15ad:07a0] type 01 class 0x060400
Feb  5 07:38:12 cu-cs-vm kernel: [    0.376485] pci 0000:00:18.0: PME# supported from D0 D3hot D3cold
Feb  5 07:38:12 cu-cs-vm kernel: [    0.376839] pci 0000:00:18.1: [15ad:07a0] type 01 class 0x060400
Feb  5 07:38:12 cu-cs-vm kernel: [    0.377785] pci 0000:00:18.1: PME# supported from D0 D3hot D3cold
Feb  5 07:38:12 cu-cs-vm kernel: [    0.378143] pci 0000:00:18.2: [15ad:07a0] type 01 class 0x060400
Feb  5 07:38:12 cu-cs-vm kernel: [    0.379093] pci 0000:00:18.2: PME# supported from D0 D3hot D3cold
Feb  5 07:38:12 cu-cs-vm kernel: [    0.379454] pci 0000:00:18.3: [15ad:07a0] type 01 class 0x060400
Feb  5 07:38:12 cu-cs-vm kernel: [    0.380396] pci 0000:00:18.3: PME# supported from D0 D3hot D3cold
Feb  5 07:38:12 cu-cs-vm kernel: [    0.380751] pci 0000:00:18.4: [15ad:07a0] type 01 class 0x060400
Feb  5 07:38:12 cu-cs-vm kernel: [    0.381691] pci 0000:00:18.4: PME# supported from D0 D3hot D3cold
Feb  5 07:38:12 cu-cs-vm kernel: [    0.382044] pci 0000:00:18.5: [15ad:07a0] type 01 class 0x060400
Feb  5 07:38:12 cu-cs-vm kernel: [    0.382991] pci 0000:00:18.5: PME# supported from D0 D3hot D3cold
Feb  5 07:38:12 cu-cs-vm kernel: [    0.383346] pci 0000:00:18.6: [15ad:07a0] type 01 class 0x060400
Feb  5 07:38:12 cu-cs-vm kernel: [    0.384301] pci 0000:00:18.6: PME# supported from D0 D3hot D3cold
Feb  5 07:38:12 cu-cs-vm kernel: [    0.384657] pci 0000:00:18.7: [15ad:07a0] type 01 class 0x060400
Feb  5 07:38:12 cu-cs-vm kernel: [    0.385594] pci 0000:00:18.7: PME# supported from D0 D3hot D3cold
Feb  5 07:38:12 cu-cs-vm kernel: [    0.386064] pci 0000:00:01.0: PCI bridge to [bus 01]
Feb  5 07:38:12 cu-cs-vm kernel: [    0.386637] acpiphp: Slot [32] registered
Feb  5 07:38:12 cu-cs-vm kernel: [    0.386715] acpiphp: Slot [33] registered
Feb  5 07:38:12 cu-cs-vm kernel: [    0.386845] acpiphp: Slot [34] registered
Feb  5 07:38:12 cu-cs-vm kernel: [    0.386921] acpiphp: Slot [35] registered
Feb  5 07:38:12 cu-cs-vm kernel: [    0.386996] acpiphp: Slot [36] registered
Feb  5 07:38:12 cu-cs-vm kernel: [    0.387070] acpiphp: Slot [37] registered
Feb  5 07:38:12 cu-cs-vm kernel: [    0.387143] acpiphp: Slot [38] registered
Feb  5 07:38:12 cu-cs-vm kernel: [    0.387217] acpiphp: Slot [39] registered
Feb  5 07:38:12 cu-cs-vm kernel: [    0.387290] acpiphp: Slot [40] registered
Feb  5 07:38:12 cu-cs-vm kernel: [    0.387369] acpiphp: Slot [41] registered
Feb  5 07:38:12 cu-cs-vm kernel: [    0.387444] acpiphp: Slot [42] registered
Feb  5 07:38:12 cu-cs-vm kernel: [    0.387518] acpiphp: Slot [43] registered
Feb  5 07:38:12 cu-cs-vm kernel: [    0.387591] acpiphp: Slot [44] registered
Feb  5 07:38:12 cu-cs-vm kernel: [    0.387665] acpiphp: Slot [45] registered
Feb  5 07:38:12 cu-cs-vm kernel: [    0.387792] acpiphp: Slot [46] registered
Feb  5 07:38:12 cu-cs-vm kernel: [    0.387868] acpiphp: Slot [47] registered
Feb  5 07:38:12 cu-cs-vm kernel: [    0.387974] acpiphp: Slot [48] registered
Feb  5 07:38:12 cu-cs-vm kernel: [    0.388037] acpiphp: Slot [49] registered
Feb  5 07:38:12 cu-cs-vm kernel: [    0.388110] acpiphp: Slot [50] registered
Feb  5 07:38:12 cu-cs-vm kernel: [    0.388184] acpiphp: Slot [51] registered
Feb  5 07:38:12 cu-cs-vm kernel: [    0.388258] acpiphp: Slot [52] registered
Feb  5 07:38:12 cu-cs-vm kernel: [    0.388331] acpiphp: Slot [53] registered
Feb  5 07:38:12 cu-cs-vm kernel: [    0.388404] acpiphp: Slot [54] registered
Feb  5 07:38:12 cu-cs-vm kernel: [    0.388478] acpiphp: Slot [55] registered
Feb  5 07:38:12 cu-cs-vm kernel: [    0.388551] acpiphp: Slot [56] registered
Feb  5 07:38:12 cu-cs-vm kernel: [    0.388752] acpiphp: Slot [57] registered
Feb  5 07:38:12 cu-cs-vm kernel: [    0.388870] acpiphp: Slot [58] registered
Feb  5 07:38:12 cu-cs-vm kernel: [    0.388945] acpiphp: Slot [59] registered
Feb  5 07:38:12 cu-cs-vm kernel: [    0.389019] acpiphp: Slot [60] registered
Feb  5 07:38:12 cu-cs-vm kernel: [    0.389092] acpiphp: Slot [61] registered
Feb  5 07:38:12 cu-cs-vm kernel: [    0.389165] acpiphp: Slot [62] registered
Feb  5 07:38:12 cu-cs-vm kernel: [    0.389238] acpiphp: Slot [63] registered
Feb  5 07:38:12 cu-cs-vm kernel: [    0.389357] pci 0000:02:00.0: [15ad:0774] type 00 class 0x0c0300
Feb  5 07:38:12 cu-cs-vm kernel: [    0.390766] pci 0000:02:00.0: reg 0x20: [io  0x2040-0x205f]
Feb  5 07:38:12 cu-cs-vm kernel: [    0.391782] pci 0000:02:01.0: [8086:100f] type 00 class 0x020000
Feb  5 07:38:12 cu-cs-vm kernel: [    0.392559] pci 0000:02:01.0: reg 0x10: [mem 0xfd5c0000-0xfd5dffff 64bit]
Feb  5 07:38:12 cu-cs-vm kernel: [    0.393437] pci 0000:02:01.0: reg 0x18: [mem 0xfdff0000-0xfdffffff 64bit]
Feb  5 07:38:12 cu-cs-vm kernel: [    0.394254] pci 0000:02:01.0: reg 0x20: [io  0x2000-0x203f]
Feb  5 07:38:12 cu-cs-vm kernel: [    0.395841] pci 0000:02:01.0: reg 0x30: [mem 0x00000000-0x0000ffff pref]
Feb  5 07:38:12 cu-cs-vm kernel: [    0.396221] pci 0000:02:01.0: PME# supported from D0 D3hot D3cold
Feb  5 07:38:12 cu-cs-vm kernel: [    0.396462] pci 0000:02:02.0: [15ad:0770] type 00 class 0x0c0320
Feb  5 07:38:12 cu-cs-vm kernel: [    0.397022] pci 0000:02:02.0: reg 0x10: [mem 0xfd5ef000-0xfd5effff]
Feb  5 07:38:12 cu-cs-vm kernel: [    0.400068] pci 0000:02:04.0: [15ad:07e0] type 00 class 0x010601
Feb  5 07:38:12 cu-cs-vm kernel: [    0.402788] pci 0000:02:04.0: reg 0x24: [mem 0xfd5ee000-0xfd5eefff]
Feb  5 07:38:12 cu-cs-vm kernel: [    0.403177] pci 0000:02:04.0: reg 0x30: [mem 0x00000000-0x0000ffff pref]
Feb  5 07:38:12 cu-cs-vm kernel: [    0.403713] pci 0000:02:04.0: PME# supported from D3hot
Feb  5 07:38:12 cu-cs-vm kernel: [    0.404308] pci 0000:00:11.0: PCI bridge to [bus 02] (subtractive decode)
Feb  5 07:38:12 cu-cs-vm kernel: [    0.404382] pci 0000:00:11.0:   bridge window [io  0x2000-0x3fff]
Feb  5 07:38:12 cu-cs-vm kernel: [    0.404407] pci 0000:00:11.0:   bridge window [mem 0xfd500000-0xfdffffff]
Feb  5 07:38:12 cu-cs-vm kernel: [    0.404457] pci 0000:00:11.0:   bridge window [mem 0xe7b00000-0xe7ffffff 64bit pref]
Feb  5 07:38:12 cu-cs-vm kernel: [    0.404458] pci 0000:00:11.0:   bridge window [mem 0x000a0000-0x000bffff window] (subtractive decode)
Feb  5 07:38:12 cu-cs-vm kernel: [    0.404458] pci 0000:00:11.0:   bridge window [mem 0x000cc000-0x000cffff window] (subtractive decode)
Feb  5 07:38:12 cu-cs-vm kernel: [    0.404459] pci 0000:00:11.0:   bridge window [mem 0x000d0000-0x000d3fff window] (subtractive decode)
Feb  5 07:38:12 cu-cs-vm kernel: [    0.404459] pci 0000:00:11.0:   bridge window [mem 0x000d4000-0x000d7fff window] (subtractive decode)
Feb  5 07:38:12 cu-cs-vm kernel: [    0.404460] pci 0000:00:11.0:   bridge window [mem 0x000d8000-0x000dbfff window] (subtractive decode)
Feb  5 07:38:12 cu-cs-vm kernel: [    0.404460] pci 0000:00:11.0:   bridge window [mem 0xc0000000-0xfebfffff window] (subtractive decode)
Feb  5 07:38:12 cu-cs-vm kernel: [    0.404461] pci 0000:00:11.0:   bridge window [io  0x0000-0x0cf7 window] (subtractive decode)
Feb  5 07:38:12 cu-cs-vm kernel: [    0.404461] pci 0000:00:11.0:   bridge window [io  0x0d00-0xfeff window] (subtractive decode)
Feb  5 07:38:12 cu-cs-vm kernel: [    0.404833] pci 0000:00:15.0: PCI bridge to [bus 03]
Feb  5 07:38:12 cu-cs-vm kernel: [    0.404907] pci 0000:00:15.0:   bridge window [io  0x4000-0x4fff]
Feb  5 07:38:12 cu-cs-vm kernel: [    0.404933] pci 0000:00:15.0:   bridge window [mem 0xfd400000-0xfd4fffff]
Feb  5 07:38:12 cu-cs-vm kernel: [    0.404982] pci 0000:00:15.0:   bridge window [mem 0xe7a00000-0xe7afffff 64bit pref]
Feb  5 07:38:12 cu-cs-vm kernel: [    0.405332] pci 0000:00:15.1: PCI bridge to [bus 04]
Feb  5 07:38:12 cu-cs-vm kernel: [    0.405392] pci 0000:00:15.1:   bridge window [io  0x8000-0x8fff]
Feb  5 07:38:12 cu-cs-vm kernel: [    0.405418] pci 0000:00:15.1:   bridge window [mem 0xfd000000-0xfd0fffff]
Feb  5 07:38:12 cu-cs-vm kernel: [    0.405467] pci 0000:00:15.1:   bridge window [mem 0xe7600000-0xe76fffff 64bit pref]
Feb  5 07:38:12 cu-cs-vm kernel: [    0.405808] pci 0000:00:15.2: PCI bridge to [bus 05]
Feb  5 07:38:12 cu-cs-vm kernel: [    0.405868] pci 0000:00:15.2:   bridge window [io  0xc000-0xcfff]
Feb  5 07:38:12 cu-cs-vm kernel: [    0.405894] pci 0000:00:15.2:   bridge window [mem 0xfcc00000-0xfccfffff]
Feb  5 07:38:12 cu-cs-vm kernel: [    0.405943] pci 0000:00:15.2:   bridge window [mem 0xe7200000-0xe72fffff 64bit pref]
Feb  5 07:38:12 cu-cs-vm kernel: [    0.406292] pci 0000:00:15.3: PCI bridge to [bus 06]
Feb  5 07:38:12 cu-cs-vm kernel: [    0.406376] pci 0000:00:15.3:   bridge window [mem 0xfc800000-0xfc8fffff]
Feb  5 07:38:12 cu-cs-vm kernel: [    0.406425] pci 0000:00:15.3:   bridge window [mem 0xe6e00000-0xe6efffff 64bit pref]
Feb  5 07:38:12 cu-cs-vm kernel: [    0.406769] pci 0000:00:15.4: PCI bridge to [bus 07]
Feb  5 07:38:12 cu-cs-vm kernel: [    0.406853] pci 0000:00:15.4:   bridge window [mem 0xfc400000-0xfc4fffff]
Feb  5 07:38:12 cu-cs-vm kernel: [    0.406902] pci 0000:00:15.4:   bridge window [mem 0xe6a00000-0xe6afffff 64bit pref]
Feb  5 07:38:12 cu-cs-vm kernel: [    0.407247] pci 0000:00:15.5: PCI bridge to [bus 08]
Feb  5 07:38:12 cu-cs-vm kernel: [    0.407347] pci 0000:00:15.5:   bridge window [mem 0xfc000000-0xfc0fffff]
Feb  5 07:38:12 cu-cs-vm kernel: [    0.407399] pci 0000:00:15.5:   bridge window [mem 0xe6600000-0xe66fffff 64bit pref]
Feb  5 07:38:12 cu-cs-vm kernel: [    0.407781] pci 0000:00:15.6: PCI bridge to [bus 09]
Feb  5 07:38:12 cu-cs-vm kernel: [    0.407870] pci 0000:00:15.6:   bridge window [mem 0xfbc00000-0xfbcfffff]
Feb  5 07:38:12 cu-cs-vm kernel: [    0.407922] pci 0000:00:15.6:   bridge window [mem 0xe6200000-0xe62fffff 64bit pref]
Feb  5 07:38:12 cu-cs-vm kernel: [    0.408289] pci 0000:00:15.7: PCI bridge to [bus 0a]
Feb  5 07:38:12 cu-cs-vm kernel: [    0.408375] pci 0000:00:15.7:   bridge window [mem 0xfb800000-0xfb8fffff]
Feb  5 07:38:12 cu-cs-vm kernel: [    0.408426] pci 0000:00:15.7:   bridge window [mem 0xe5e00000-0xe5efffff 64bit pref]
Feb  5 07:38:12 cu-cs-vm kernel: [    0.408777] pci 0000:00:16.0: PCI bridge to [bus 0b]
Feb  5 07:38:12 cu-cs-vm kernel: [    0.408838] pci 0000:00:16.0:   bridge window [io  0x5000-0x5fff]
Feb  5 07:38:12 cu-cs-vm kernel: [    0.408864] pci 0000:00:16.0:   bridge window [mem 0xfd300000-0xfd3fffff]
Feb  5 07:38:12 cu-cs-vm kernel: [    0.408914] pci 0000:00:16.0:   bridge window [mem 0xe7900000-0xe79fffff 64bit pref]
Feb  5 07:38:12 cu-cs-vm kernel: [    0.409322] pci 0000:00:16.1: PCI bridge to [bus 0c]
Feb  5 07:38:12 cu-cs-vm kernel: [    0.409384] pci 0000:00:16.1:   bridge window [io  0x9000-0x9fff]
Feb  5 07:38:12 cu-cs-vm kernel: [    0.409411] pci 0000:00:16.1:   bridge window [mem 0xfcf00000-0xfcffffff]
Feb  5 07:38:12 cu-cs-vm kernel: [    0.409462] pci 0000:00:16.1:   bridge window [mem 0xe7500000-0xe75fffff 64bit pref]
Feb  5 07:38:12 cu-cs-vm kernel: [    0.409816] pci 0000:00:16.2: PCI bridge to [bus 0d]
Feb  5 07:38:12 cu-cs-vm kernel: [    0.409877] pci 0000:00:16.2:   bridge window [io  0xd000-0xdfff]
Feb  5 07:38:12 cu-cs-vm kernel: [    0.409903] pci 0000:00:16.2:   bridge window [mem 0xfcb00000-0xfcbfffff]
Feb  5 07:38:12 cu-cs-vm kernel: [    0.409954] pci 0000:00:16.2:   bridge window [mem 0xe7100000-0xe71fffff 64bit pref]
Feb  5 07:38:12 cu-cs-vm kernel: [    0.410311] pci 0000:00:16.3: PCI bridge to [bus 0e]
Feb  5 07:38:12 cu-cs-vm kernel: [    0.410397] pci 0000:00:16.3:   bridge window [mem 0xfc700000-0xfc7fffff]
Feb  5 07:38:12 cu-cs-vm kernel: [    0.410447] pci 0000:00:16.3:   bridge window [mem 0xe6d00000-0xe6dfffff 64bit pref]
Feb  5 07:38:12 cu-cs-vm kernel: [    0.410800] pci 0000:00:16.4: PCI bridge to [bus 0f]
Feb  5 07:38:12 cu-cs-vm kernel: [    0.410886] pci 0000:00:16.4:   bridge window [mem 0xfc300000-0xfc3fffff]
Feb  5 07:38:12 cu-cs-vm kernel: [    0.410937] pci 0000:00:16.4:   bridge window [mem 0xe6900000-0xe69fffff 64bit pref]
Feb  5 07:38:12 cu-cs-vm kernel: [    0.411288] pci 0000:00:16.5: PCI bridge to [bus 10]
Feb  5 07:38:12 cu-cs-vm kernel: [    0.411373] pci 0000:00:16.5:   bridge window [mem 0xfbf00000-0xfbffffff]
Feb  5 07:38:12 cu-cs-vm kernel: [    0.411424] pci 0000:00:16.5:   bridge window [mem 0xe6500000-0xe65fffff 64bit pref]
Feb  5 07:38:12 cu-cs-vm kernel: [    0.411784] pci 0000:00:16.6: PCI bridge to [bus 11]
Feb  5 07:38:12 cu-cs-vm kernel: [    0.411870] pci 0000:00:16.6:   bridge window [mem 0xfbb00000-0xfbbfffff]
Feb  5 07:38:12 cu-cs-vm kernel: [    0.411921] pci 0000:00:16.6:   bridge window [mem 0xe6100000-0xe61fffff 64bit pref]
Feb  5 07:38:12 cu-cs-vm kernel: [    0.412274] pci 0000:00:16.7: PCI bridge to [bus 12]
Feb  5 07:38:12 cu-cs-vm kernel: [    0.412359] pci 0000:00:16.7:   bridge window [mem 0xfb700000-0xfb7fffff]
Feb  5 07:38:12 cu-cs-vm kernel: [    0.412409] pci 0000:00:16.7:   bridge window [mem 0xe5d00000-0xe5dfffff 64bit pref]
Feb  5 07:38:12 cu-cs-vm kernel: [    0.412767] pci 0000:00:17.0: PCI bridge to [bus 13]
Feb  5 07:38:12 cu-cs-vm kernel: [    0.412829] pci 0000:00:17.0:   bridge window [io  0x6000-0x6fff]
Feb  5 07:38:12 cu-cs-vm kernel: [    0.412855] pci 0000:00:17.0:   bridge window [mem 0xfd200000-0xfd2fffff]
Feb  5 07:38:12 cu-cs-vm kernel: [    0.412906] pci 0000:00:17.0:   bridge window [mem 0xe7800000-0xe78fffff 64bit pref]
Feb  5 07:38:12 cu-cs-vm kernel: [    0.413258] pci 0000:00:17.1: PCI bridge to [bus 14]
Feb  5 07:38:12 cu-cs-vm kernel: [    0.413318] pci 0000:00:17.1:   bridge window [io  0xa000-0xafff]
Feb  5 07:38:12 cu-cs-vm kernel: [    0.413344] pci 0000:00:17.1:   bridge window [mem 0xfce00000-0xfcefffff]
Feb  5 07:38:12 cu-cs-vm kernel: [    0.413395] pci 0000:00:17.1:   bridge window [mem 0xe7400000-0xe74fffff 64bit pref]
Feb  5 07:38:12 cu-cs-vm kernel: [    0.413751] pci 0000:00:17.2: PCI bridge to [bus 15]
Feb  5 07:38:12 cu-cs-vm kernel: [    0.413832] pci 0000:00:17.2:   bridge window [io  0xe000-0xefff]
Feb  5 07:38:12 cu-cs-vm kernel: [    0.413859] pci 0000:00:17.2:   bridge window [mem 0xfca00000-0xfcafffff]
Feb  5 07:38:12 cu-cs-vm kernel: [    0.413909] pci 0000:00:17.2:   bridge window [mem 0xe7000000-0xe70fffff 64bit pref]
Feb  5 07:38:12 cu-cs-vm kernel: [    0.414276] pci 0000:00:17.3: PCI bridge to [bus 16]
Feb  5 07:38:12 cu-cs-vm kernel: [    0.414363] pci 0000:00:17.3:   bridge window [mem 0xfc600000-0xfc6fffff]
Feb  5 07:38:12 cu-cs-vm kernel: [    0.414476] pci 0000:00:17.3:   bridge window [mem 0xe6c00000-0xe6cfffff 64bit pref]
Feb  5 07:38:12 cu-cs-vm kernel: [    0.414942] pci 0000:00:17.4: PCI bridge to [bus 17]
Feb  5 07:38:12 cu-cs-vm kernel: [    0.415032] pci 0000:00:17.4:   bridge window [mem 0xfc200000-0xfc2fffff]
Feb  5 07:38:12 cu-cs-vm kernel: [    0.415086] pci 0000:00:17.4:   bridge window [mem 0xe6800000-0xe68fffff 64bit pref]
Feb  5 07:38:12 cu-cs-vm kernel: [    0.415478] pci 0000:00:17.5: PCI bridge to [bus 18]
Feb  5 07:38:12 cu-cs-vm kernel: [    0.415572] pci 0000:00:17.5:   bridge window [mem 0xfbe00000-0xfbefffff]
Feb  5 07:38:12 cu-cs-vm kernel: [    0.415624] pci 0000:00:17.5:   bridge window [mem 0xe6400000-0xe64fffff 64bit pref]
Feb  5 07:38:12 cu-cs-vm kernel: [    0.416048] pci 0000:00:17.6: PCI bridge to [bus 19]
Feb  5 07:38:12 cu-cs-vm kernel: [    0.416225] pci 0000:00:17.6:   bridge window [mem 0xfba00000-0xfbafffff]
Feb  5 07:38:12 cu-cs-vm kernel: [    0.416276] pci 0000:00:17.6:   bridge window [mem 0xe6000000-0xe60fffff 64bit pref]
Feb  5 07:38:12 cu-cs-vm kernel: [    0.416857] pci 0000:00:17.7: PCI bridge to [bus 1a]
Feb  5 07:38:12 cu-cs-vm kernel: [    0.416951] pci 0000:00:17.7:   bridge window [mem 0xfb600000-0xfb6fffff]
Feb  5 07:38:12 cu-cs-vm kernel: [    0.417002] pci 0000:00:17.7:   bridge window [mem 0xe5c00000-0xe5cfffff 64bit pref]
Feb  5 07:38:12 cu-cs-vm kernel: [    0.417446] pci 0000:00:18.0: PCI bridge to [bus 1b]
Feb  5 07:38:12 cu-cs-vm kernel: [    0.417523] pci 0000:00:18.0:   bridge window [io  0x7000-0x7fff]
Feb  5 07:38:12 cu-cs-vm kernel: [    0.417549] pci 0000:00:18.0:   bridge window [mem 0xfd100000-0xfd1fffff]
Feb  5 07:38:12 cu-cs-vm kernel: [    0.417598] pci 0000:00:18.0:   bridge window [mem 0xe7700000-0xe77fffff 64bit pref]
Feb  5 07:38:12 cu-cs-vm kernel: [    0.417977] pci 0000:00:18.1: PCI bridge to [bus 1c]
Feb  5 07:38:12 cu-cs-vm kernel: [    0.418059] pci 0000:00:18.1:   bridge window [io  0xb000-0xbfff]
Feb  5 07:38:12 cu-cs-vm kernel: [    0.418095] pci 0000:00:18.1:   bridge window [mem 0xfcd00000-0xfcdfffff]
Feb  5 07:38:12 cu-cs-vm kernel: [    0.418152] pci 0000:00:18.1:   bridge window [mem 0xe7300000-0xe73fffff 64bit pref]
Feb  5 07:38:12 cu-cs-vm kernel: [    0.418816] pci 0000:00:18.2: PCI bridge to [bus 1d]
Feb  5 07:38:12 cu-cs-vm kernel: [    0.418917] pci 0000:00:18.2:   bridge window [mem 0xfc900000-0xfc9fffff]
Feb  5 07:38:12 cu-cs-vm kernel: [    0.418969] pci 0000:00:18.2:   bridge window [mem 0xe6f00000-0xe6ffffff 64bit pref]
Feb  5 07:38:12 cu-cs-vm kernel: [    0.419386] pci 0000:00:18.3: PCI bridge to [bus 1e]
Feb  5 07:38:12 cu-cs-vm kernel: [    0.419480] pci 0000:00:18.3:   bridge window [mem 0xfc500000-0xfc5fffff]
Feb  5 07:38:12 cu-cs-vm kernel: [    0.419533] pci 0000:00:18.3:   bridge window [mem 0xe6b00000-0xe6bfffff 64bit pref]
Feb  5 07:38:12 cu-cs-vm kernel: [    0.419962] pci 0000:00:18.4: PCI bridge to [bus 1f]
Feb  5 07:38:12 cu-cs-vm kernel: [    0.420043] pci 0000:00:18.4:   bridge window [mem 0xfc100000-0xfc1fffff]
Feb  5 07:38:12 cu-cs-vm kernel: [    0.420092] pci 0000:00:18.4:   bridge window [mem 0xe6700000-0xe67fffff 64bit pref]
Feb  5 07:38:12 cu-cs-vm kernel: [    0.420453] pci 0000:00:18.5: PCI bridge to [bus 20]
Feb  5 07:38:12 cu-cs-vm kernel: [    0.420538] pci 0000:00:18.5:   bridge window [mem 0xfbd00000-0xfbdfffff]
Feb  5 07:38:12 cu-cs-vm kernel: [    0.420588] pci 0000:00:18.5:   bridge window [mem 0xe6300000-0xe63fffff 64bit pref]
Feb  5 07:38:12 cu-cs-vm kernel: [    0.420934] pci 0000:00:18.6: PCI bridge to [bus 21]
Feb  5 07:38:12 cu-cs-vm kernel: [    0.421019] pci 0000:00:18.6:   bridge window [mem 0xfb900000-0xfb9fffff]
Feb  5 07:38:12 cu-cs-vm kernel: [    0.421068] pci 0000:00:18.6:   bridge window [mem 0xe5f00000-0xe5ffffff 64bit pref]
Feb  5 07:38:12 cu-cs-vm kernel: [    0.421413] pci 0000:00:18.7: PCI bridge to [bus 22]
Feb  5 07:38:12 cu-cs-vm kernel: [    0.421496] pci 0000:00:18.7:   bridge window [mem 0xfb500000-0xfb5fffff]
Feb  5 07:38:12 cu-cs-vm kernel: [    0.421546] pci 0000:00:18.7:   bridge window [mem 0xe5b00000-0xe5bfffff 64bit pref]
Feb  5 07:38:12 cu-cs-vm kernel: [    0.424312] ACPI: PCI Interrupt Link [LNKA] (IRQs 3 4 5 6 7 *9 10 11 14 15)
Feb  5 07:38:12 cu-cs-vm kernel: [    0.424452] ACPI: PCI Interrupt Link [LNKB] (IRQs 3 4 5 6 7 9 10 *11 14 15)
Feb  5 07:38:12 cu-cs-vm kernel: [    0.424587] ACPI: PCI Interrupt Link [LNKC] (IRQs 3 4 5 6 7 9 *10 11 14 15)
Feb  5 07:38:12 cu-cs-vm kernel: [    0.424722] ACPI: PCI Interrupt Link [LNKD] (IRQs 3 4 5 6 *7 9 10 11 14 15)
Feb  5 07:38:12 cu-cs-vm kernel: [    0.470932] SCSI subsystem initialized
Feb  5 07:38:12 cu-cs-vm kernel: [    0.471174] libata version 3.00 loaded.
Feb  5 07:38:12 cu-cs-vm kernel: [    0.471174] pci 0000:00:0f.0: vgaarb: setting as boot VGA device
Feb  5 07:38:12 cu-cs-vm kernel: [    0.471174] pci 0000:00:0f.0: vgaarb: VGA device added: decodes=io+mem,owns=io+mem,locks=none
Feb  5 07:38:12 cu-cs-vm kernel: [    0.471174] pci 0000:00:0f.0: vgaarb: bridge control possible
Feb  5 07:38:12 cu-cs-vm kernel: [    0.471174] vgaarb: loaded
Feb  5 07:38:12 cu-cs-vm kernel: [    0.471174] ACPI: bus type USB registered
Feb  5 07:38:12 cu-cs-vm kernel: [    0.471174] usbcore: registered new interface driver usbfs
Feb  5 07:38:12 cu-cs-vm kernel: [    0.471174] usbcore: registered new interface driver hub
Feb  5 07:38:12 cu-cs-vm kernel: [    0.471174] usbcore: registered new device driver usb
Feb  5 07:38:12 cu-cs-vm kernel: [    0.472063] EDAC MC: Ver: 3.0.0
Feb  5 07:38:12 cu-cs-vm kernel: [    0.474172] PCI: Using ACPI for IRQ routing
Feb  5 07:38:12 cu-cs-vm kernel: [    0.477050] PCI: pci_cache_line_size set to 64 bytes
Feb  5 07:38:12 cu-cs-vm kernel: [    0.478204] e820: reserve RAM buffer [mem 0x0009e800-0x0009ffff]
Feb  5 07:38:12 cu-cs-vm kernel: [    0.478205] e820: reserve RAM buffer [mem 0xbfed0000-0xbfffffff]
Feb  5 07:38:12 cu-cs-vm kernel: [    0.478206] e820: reserve RAM buffer [mem 0x13a000000-0x13bffffff]
Feb  5 07:38:12 cu-cs-vm kernel: [    0.478355] NetLabel: Initializing
Feb  5 07:38:12 cu-cs-vm kernel: [    0.478387] NetLabel:  domain hash size = 128
Feb  5 07:38:12 cu-cs-vm kernel: [    0.478415] NetLabel:  protocols = UNLABELED CIPSOv4 CALIPSO
Feb  5 07:38:12 cu-cs-vm kernel: [    0.478456] NetLabel:  unlabeled traffic allowed by default
Feb  5 07:38:12 cu-cs-vm kernel: [    0.483472] clocksource: Switched to clocksource refined-jiffies
Feb  5 07:38:12 cu-cs-vm kernel: [    0.533160] VFS: Disk quotas dquot_6.6.0
Feb  5 07:38:12 cu-cs-vm kernel: [    0.533243] VFS: Dquot-cache hash table entries: 512 (order 0, 4096 bytes)
Feb  5 07:38:12 cu-cs-vm kernel: [    0.533430] AppArmor: AppArmor Filesystem Enabled
Feb  5 07:38:12 cu-cs-vm kernel: [    0.533480] pnp: PnP ACPI init
Feb  5 07:38:12 cu-cs-vm kernel: [    0.533709] system 00:00: [io  0x1000-0x103f] has been reserved
Feb  5 07:38:12 cu-cs-vm kernel: [    0.533747] system 00:00: [io  0x1040-0x104f] has been reserved
Feb  5 07:38:12 cu-cs-vm kernel: [    0.533783] system 00:00: [io  0x0cf0-0x0cf1] has been reserved
Feb  5 07:38:12 cu-cs-vm kernel: [    0.533822] system 00:00: Plug and Play ACPI device, IDs PNP0c02 (active)
Feb  5 07:38:12 cu-cs-vm kernel: [    0.533845] pnp 00:01: Plug and Play ACPI device, IDs PNP0b00 (active)
Feb  5 07:38:12 cu-cs-vm kernel: [    0.533857] pnp 00:02: Plug and Play ACPI device, IDs PNP0303 (active)
Feb  5 07:38:12 cu-cs-vm kernel: [    0.533867] pnp 00:03: Plug and Play ACPI device, IDs VMW0003 PNP0f13 (active)
Feb  5 07:38:12 cu-cs-vm kernel: [    0.536252] system 00:04: [io  0xfce0-0xfcff] has been reserved
Feb  5 07:38:12 cu-cs-vm kernel: [    0.536294] system 00:04: [mem 0xf0000000-0xf7ffffff] has been reserved
Feb  5 07:38:12 cu-cs-vm kernel: [    0.536333] system 00:04: [mem 0xfe800000-0xfe9fffff] has been reserved
Feb  5 07:38:12 cu-cs-vm kernel: [    0.536375] system 00:04: Plug and Play ACPI device, IDs PNP0c02 (active)
Feb  5 07:38:12 cu-cs-vm kernel: [    0.572263] pnp: PnP ACPI: found 5 devices
Feb  5 07:38:12 cu-cs-vm kernel: [    0.582747] clocksource: acpi_pm: mask: 0xffffff max_cycles: 0xffffff, max_idle_ns: 2085701024 ns
Feb  5 07:38:12 cu-cs-vm kernel: [    0.582917] clocksource: Switched to clocksource acpi_pm
Feb  5 07:38:12 cu-cs-vm kernel: [    0.583353] pci 0000:00:15.3: bridge window [io  0x1000-0x0fff] to [bus 06] add_size 1000
Feb  5 07:38:12 cu-cs-vm kernel: [    0.583428] pci 0000:00:15.4: bridge window [io  0x1000-0x0fff] to [bus 07] add_size 1000
Feb  5 07:38:12 cu-cs-vm kernel: [    0.583501] pci 0000:00:15.5: bridge window [io  0x1000-0x0fff] to [bus 08] add_size 1000
Feb  5 07:38:12 cu-cs-vm kernel: [    0.583574] pci 0000:00:15.6: bridge window [io  0x1000-0x0fff] to [bus 09] add_size 1000
Feb  5 07:38:12 cu-cs-vm kernel: [    0.583647] pci 0000:00:15.7: bridge window [io  0x1000-0x0fff] to [bus 0a] add_size 1000
Feb  5 07:38:12 cu-cs-vm kernel: [    0.583962] pci 0000:00:16.3: bridge window [io  0x1000-0x0fff] to [bus 0e] add_size 1000
Feb  5 07:38:12 cu-cs-vm kernel: [    0.583962] pci 0000:00:16.4: bridge window [io  0x1000-0x0fff] to [bus 0f] add_size 1000
Feb  5 07:38:12 cu-cs-vm kernel: [    0.583962] pci 0000:00:16.5: bridge window [io  0x1000-0x0fff] to [bus 10] add_size 1000
Feb  5 07:38:12 cu-cs-vm kernel: [    0.583962] pci 0000:00:16.6: bridge window [io  0x1000-0x0fff] to [bus 11] add_size 1000
Feb  5 07:38:12 cu-cs-vm kernel: [    0.583962] pci 0000:00:16.7: bridge window [io  0x1000-0x0fff] to [bus 12] add_size 1000
Feb  5 07:38:12 cu-cs-vm kernel: [    0.583962] pci 0000:00:17.3: bridge window [io  0x1000-0x0fff] to [bus 16] add_size 1000
Feb  5 07:38:12 cu-cs-vm kernel: [    0.583962] pci 0000:00:17.4: bridge window [io  0x1000-0x0fff] to [bus 17] add_size 1000
Feb  5 07:38:12 cu-cs-vm kernel: [    0.583962] pci 0000:00:17.5: bridge window [io  0x1000-0x0fff] to [bus 18] add_size 1000
Feb  5 07:38:12 cu-cs-vm kernel: [    0.583962] pci 0000:00:17.6: bridge window [io  0x1000-0x0fff] to [bus 19] add_size 1000
Feb  5 07:38:12 cu-cs-vm kernel: [    0.583962] pci 0000:00:17.7: bridge window [io  0x1000-0x0fff] to [bus 1a] add_size 1000
Feb  5 07:38:12 cu-cs-vm kernel: [    0.583962] pci 0000:00:18.2: bridge window [io  0x1000-0x0fff] to [bus 1d] add_size 1000
Feb  5 07:38:12 cu-cs-vm kernel: [    0.583962] pci 0000:00:18.3: bridge window [io  0x1000-0x0fff] to [bus 1e] add_size 1000
Feb  5 07:38:12 cu-cs-vm kernel: [    0.583962] pci 0000:00:18.4: bridge window [io  0x1000-0x0fff] to [bus 1f] add_size 1000
Feb  5 07:38:12 cu-cs-vm kernel: [    0.583962] pci 0000:00:18.5: bridge window [io  0x1000-0x0fff] to [bus 20] add_size 1000
Feb  5 07:38:12 cu-cs-vm kernel: [    0.583962] pci 0000:00:18.6: bridge window [io  0x1000-0x0fff] to [bus 21] add_size 1000
Feb  5 07:38:12 cu-cs-vm kernel: [    0.583962] pci 0000:00:18.7: bridge window [io  0x1000-0x0fff] to [bus 22] add_size 1000
Feb  5 07:38:12 cu-cs-vm kernel: [    0.583962] pci 0000:00:0f.0: BAR 6: assigned [mem 0xc0000000-0xc0007fff pref]
